Archive member included to satisfy reference by file (symbol)

/home/chartle1453/programs/stm32/plugins/com.st.stm32cube.ide.mcu.externaltools.gnu-tools-for-stm32.13.3.rel1.linux64_1.0.0.202410170706/tools/bin/../lib/gcc/arm-none-eabi/13.3.1/../../../../arm-none-eabi/lib/thumb/v7-m/nofp/libc_nano.a(libc_a-exit.o)
                              /home/chartle1453/programs/stm32/plugins/com.st.stm32cube.ide.mcu.externaltools.gnu-tools-for-stm32.13.3.rel1.linux64_1.0.0.202410170706/tools/bin/../lib/gcc/arm-none-eabi/13.3.1/../../../../arm-none-eabi/lib/thumb/v7-m/nofp/crt0.o (exit)
/home/chartle1453/programs/stm32/plugins/com.st.stm32cube.ide.mcu.externaltools.gnu-tools-for-stm32.13.3.rel1.linux64_1.0.0.202410170706/tools/bin/../lib/gcc/arm-none-eabi/13.3.1/../../../../arm-none-eabi/lib/thumb/v7-m/nofp/libc_nano.a(libc_a-malloc.o)
                              ./Core/Src/st7735.o (malloc)
/home/chartle1453/programs/stm32/plugins/com.st.stm32cube.ide.mcu.externaltools.gnu-tools-for-stm32.13.3.rel1.linux64_1.0.0.202410170706/tools/bin/../lib/gcc/arm-none-eabi/13.3.1/../../../../arm-none-eabi/lib/thumb/v7-m/nofp/libc_nano.a(libc_a-mallocr.o)
                              /home/chartle1453/programs/stm32/plugins/com.st.stm32cube.ide.mcu.externaltools.gnu-tools-for-stm32.13.3.rel1.linux64_1.0.0.202410170706/tools/bin/../lib/gcc/arm-none-eabi/13.3.1/../../../../arm-none-eabi/lib/thumb/v7-m/nofp/libc_nano.a(libc_a-malloc.o) (_malloc_r)
/home/chartle1453/programs/stm32/plugins/com.st.stm32cube.ide.mcu.externaltools.gnu-tools-for-stm32.13.3.rel1.linux64_1.0.0.202410170706/tools/bin/../lib/gcc/arm-none-eabi/13.3.1/../../../../arm-none-eabi/lib/thumb/v7-m/nofp/libc_nano.a(libc_a-mlock.o)
                              /home/chartle1453/programs/stm32/plugins/com.st.stm32cube.ide.mcu.externaltools.gnu-tools-for-stm32.13.3.rel1.linux64_1.0.0.202410170706/tools/bin/../lib/gcc/arm-none-eabi/13.3.1/../../../../arm-none-eabi/lib/thumb/v7-m/nofp/libc_nano.a(libc_a-mallocr.o) (__malloc_lock)
/home/chartle1453/programs/stm32/plugins/com.st.stm32cube.ide.mcu.externaltools.gnu-tools-for-stm32.13.3.rel1.linux64_1.0.0.202410170706/tools/bin/../lib/gcc/arm-none-eabi/13.3.1/../../../../arm-none-eabi/lib/thumb/v7-m/nofp/libc_nano.a(libc_a-rand.o)
                              ./Core/Src/main.o (rand)
/home/chartle1453/programs/stm32/plugins/com.st.stm32cube.ide.mcu.externaltools.gnu-tools-for-stm32.13.3.rel1.linux64_1.0.0.202410170706/tools/bin/../lib/gcc/arm-none-eabi/13.3.1/../../../../arm-none-eabi/lib/thumb/v7-m/nofp/libc_nano.a(libc_a-findfp.o)
                              /home/chartle1453/programs/stm32/plugins/com.st.stm32cube.ide.mcu.externaltools.gnu-tools-for-stm32.13.3.rel1.linux64_1.0.0.202410170706/tools/bin/../lib/gcc/arm-none-eabi/13.3.1/../../../../arm-none-eabi/lib/thumb/v7-m/nofp/libc_nano.a(libc_a-exit.o) (__stdio_exit_handler)
/home/chartle1453/programs/stm32/plugins/com.st.stm32cube.ide.mcu.externaltools.gnu-tools-for-stm32.13.3.rel1.linux64_1.0.0.202410170706/tools/bin/../lib/gcc/arm-none-eabi/13.3.1/../../../../arm-none-eabi/lib/thumb/v7-m/nofp/libc_nano.a(libc_a-fwalk.o)
                              /home/chartle1453/programs/stm32/plugins/com.st.stm32cube.ide.mcu.externaltools.gnu-tools-for-stm32.13.3.rel1.linux64_1.0.0.202410170706/tools/bin/../lib/gcc/arm-none-eabi/13.3.1/../../../../arm-none-eabi/lib/thumb/v7-m/nofp/libc_nano.a(libc_a-findfp.o) (_fwalk_sglue)
/home/chartle1453/programs/stm32/plugins/com.st.stm32cube.ide.mcu.externaltools.gnu-tools-for-stm32.13.3.rel1.linux64_1.0.0.202410170706/tools/bin/../lib/gcc/arm-none-eabi/13.3.1/../../../../arm-none-eabi/lib/thumb/v7-m/nofp/libc_nano.a(libc_a-stdio.o)
                              /home/chartle1453/programs/stm32/plugins/com.st.stm32cube.ide.mcu.externaltools.gnu-tools-for-stm32.13.3.rel1.linux64_1.0.0.202410170706/tools/bin/../lib/gcc/arm-none-eabi/13.3.1/../../../../arm-none-eabi/lib/thumb/v7-m/nofp/libc_nano.a(libc_a-findfp.o) (__sread)
/home/chartle1453/programs/stm32/plugins/com.st.stm32cube.ide.mcu.externaltools.gnu-tools-for-stm32.13.3.rel1.linux64_1.0.0.202410170706/tools/bin/../lib/gcc/arm-none-eabi/13.3.1/../../../../arm-none-eabi/lib/thumb/v7-m/nofp/libc_nano.a(libc_a-memset.o)
                              /home/chartle1453/programs/stm32/plugins/com.st.stm32cube.ide.mcu.externaltools.gnu-tools-for-stm32.13.3.rel1.linux64_1.0.0.202410170706/tools/bin/../lib/gcc/arm-none-eabi/13.3.1/../../../../arm-none-eabi/lib/thumb/v7-m/nofp/crt0.o (memset)
/home/chartle1453/programs/stm32/plugins/com.st.stm32cube.ide.mcu.externaltools.gnu-tools-for-stm32.13.3.rel1.linux64_1.0.0.202410170706/tools/bin/../lib/gcc/arm-none-eabi/13.3.1/../../../../arm-none-eabi/lib/thumb/v7-m/nofp/libc_nano.a(libc_a-closer.o)
[...]
Memory Configuration

Name             Origin             Length             Attributes
RAM              0x20000000         0x00005000         xrw
FLASH            0x08000000         0x00010000         xr
*default*        0x00000000         0xffffffff

Linker script and memory map

LOAD /home/chartle1453/programs/stm32/plugins/com.st.stm32cube.ide.mcu.externaltools.gnu-tools-for-stm32.13.3.rel1.linux64_1.0.0.202410170706/tools/bin/../lib/gcc/arm-none-eabi/13.3.1/thumb/v7-m/nofp/crti.o
LOAD /home/chartle1453/programs/stm32/plugins/com.st.stm32cube.ide.mcu.externaltools.gnu-tools-for-stm32.13.3.rel1.linux64_1.0.0.202410170706/tools/bin/../lib/gcc/arm-none-eabi/13.3.1/thumb/v7-m/nofp/crtbegin.o
LOAD /home/chartle1453/programs/stm32/plugins/com.st.stm32cube.ide.mcu.externaltools.gnu-tools-for-stm32.13.3.rel1.linux64_1.0.0.202410170706/tools/bin/../lib/gcc/arm-none-eabi/13.3.1/../../../../arm-none-eabi/lib/thumb/v7-m/nofp/crt0.o
LOAD ./Core/Src/GrayScaleToRGB.o
LOAD ./Core/Src/fonts.o
LOAD ./Core/Src/main.o
LOAD ./Core/Src/sprites.o
LOAD ./Core/Src/st7735.o
LOAD ./Core/Src/stm32f1xx_hal_msp.o
LOAD ./Core/Src/stm32f1xx_it.o
LOAD ./Core/Src/syscalls.o
LOAD ./Core/Src/sysmem.o
LOAD ./Core/Src/system_stm32f1xx.o
LOAD ./Core/Startup/startup_stm32f103c8tx.o
LOAD ./Drivers/STM32F1xx_HAL_Driver/Src/stm32f1xx_hal.o
LOAD ./Drivers/STM32F1xx_HAL_Driver/Src/stm32f1xx_hal_cortex.o
LOAD ./Drivers/STM32F1xx_HAL_Driver/Src/stm32f1xx_hal_dma.o
LOAD ./Drivers/STM32F1xx_HAL_Driver/Src/stm32f1xx_hal_exti.o
LOAD ./Drivers/STM32F1xx_HAL_Driver/Src/stm32f1xx_hal_flash.o
LOAD ./Drivers/STM32F1xx_HAL_Driver/Src/stm32f1xx_hal_flash_ex.o
LOAD ./Drivers/STM32F1xx_HAL_Driver/Src/stm32f1xx_hal_gpio.o
LOAD ./Drivers/STM32F1xx_HAL_Driver/Src/stm32f1xx_hal_gpio_ex.o
LOAD ./Drivers/STM32F1xx_HAL_Driver/Src/stm32f1xx_hal_pcd.o
LOAD ./Drivers/STM32F1xx_HAL_Driver/Src/stm32f1xx_hal_pcd_ex.o
LOAD ./Drivers/STM32F1xx_HAL_Driver/Src/stm32f1xx_hal_pwr.o
LOAD ./Drivers/STM32F1xx_HAL_Driver/Src/stm32f1xx_hal_rcc.o
LOAD ./Drivers/STM32F1xx_HAL_Driver/Src/stm32f1xx_hal_rcc_ex.o
LOAD ./Drivers/STM32F1xx_HAL_Driver/Src/stm32f1xx_hal_spi.o
LOAD ./Drivers/STM32F1xx_HAL_Driver/Src/stm32f1xx_hal_tim.o
LOAD ./Drivers/STM32F1xx_HAL_Driver/Src/stm32f1xx_hal_tim_ex.o
LOAD ./Drivers/STM32F1xx_HAL_Driver/Src/stm32f1xx_ll_usb.o
START GROUP
LOAD /home/chartle1453/programs/stm32/plugins/com.st.stm32cube.ide.mcu.externaltools.gnu-tools-for-stm32.13.3.rel1.linux64_1.0.0.202410170706/tools/bin/../lib/gcc/arm-none-eabi/13.3.1/../../../../arm-none-eabi/lib/thumb/v7-m/nofp/libc_nano.a
LOAD /home/chartle1453/programs/stm32/plugins/com.st.stm32cube.ide.mcu.externaltools.gnu-tools-for-stm32.13.3.rel1.linux64_1.0.0.202410170706/tools/bin/../lib/gcc/arm-none-eabi/13.3.1/../../../../arm-none-eabi/lib/thumb/v7-m/nofp/libm.a
END GROUP
START GROUP
LOAD /home/chartle1453/programs/stm32/plugins/com.st.stm32cube.ide.mcu.externaltools.gnu-tools-for-stm32.13.3.rel1.linux64_1.0.0.202410170706/tools/bin/../lib/gcc/arm-none-eabi/13.3.1/thumb/v7-m/nofp/libgcc.a
LOAD /home/chartle1453/programs/stm32/plugins/com.st.stm32cube.ide.mcu.externaltools.gnu-tools-for-stm32.13.3.rel1.linux64_1.0.0.202410170706/tools/bin/../lib/gcc/arm-none-eabi/13.3.1/../../../../arm-none-eabi/lib/thumb/v7-m/nofp/libc_nano.a
END GROUP
START GROUP
LOAD /home/chartle1453/programs/stm32/plugins/com.st.stm32cube.ide.mcu.externaltools.gnu-tools-for-stm32.13.3.rel1.linux64_1.0.0.202410170706/tools/bin/../lib/gcc/arm-none-eabi/13.3.1/thumb/v7-m/nofp/libgcc.a
LOAD /home/chartle1453/programs/stm32/plugins/com.st.stm32cube.ide.mcu.externaltools.gnu-tools-for-stm32.13.3.rel1.linux64_1.0.0.202410170706/tools/bin/../lib/gcc/arm-none-eabi/13.3.1/../../../../arm-none-eabi/lib/thumb/v7-m/nofp/libc_nano.a
LOAD /home/chartle1453/programs/stm32/plugins/com.st.stm32cube.ide.mcu.externaltools.gnu-tools-for-stm32.13.3.rel1.linux64_1.0.0.202410170706/tools/bin/../lib/gcc/arm-none-eabi/13.3.1/../../../../arm-none-eabi/lib/thumb/v7-m/nofp/libnosys.a
END GROUP
START GROUP
LOAD /home/chartle1453/programs/stm32/plugins/com.st.stm32cube.ide.mcu.externaltools.gnu-tools-for-stm32.13.3.rel1.linux64_1.0.0.202410170706/tools/bin/../lib/gcc/arm-none-eabi/13.3.1/thumb/v7-m/nofp/libgcc.a
LOAD /home/chartle1453/programs/stm32/plugins/com.st.stm32cube.ide.mcu.externaltools.gnu-tools-for-stm32.13.3.rel1.linux64_1.0.0.202410170706/tools/bin/../lib/gcc/arm-none-eabi/13.3.1/../../../../arm-none-eabi/lib/thumb/v7-m/nofp/libc_nano.a
LOAD /home/chartle1453/programs/stm32/plugins/com.st.stm32cube.ide.mcu.externaltools.gnu-tools-for-stm32.13.3.rel1.linux64_1.0.0.202410170706/tools/bin/../lib/gcc/arm-none-eabi/13.3.1/../../../../arm-none-eabi/lib/thumb/v7-m/nofp/libnosys.a
END GROUP
LOAD /home/chartle1453/programs/stm32/plugins/com.st.stm32cube.ide.mcu.externaltools.gnu-tools-for-stm32.13.3.rel1.linux64_1.0.0.202410170706/tools/bin/../lib/gcc/arm-none-eabi/13.3.1/thumb/v7-m/nofp/crtend.o
LOAD /home/chartle1453/programs/stm32/plugins/com.st.stm32cube.ide.mcu.externaltools.gnu-tools-for-stm32.13.3.rel1.linux64_1.0.0.202410170706/tools/bin/../lib/gcc/arm-none-eabi/13.3.1/thumb/v7-m/nofp/crtn.o
                0x20005000                        _estack = (ORIGIN (RAM) + LENGTH (RAM))
                0x00000200                        _Min_Heap_Size = 0x200
                0x00000400                        _Min_Stack_Size = 0x400

.isr_vector     0x08000000      0x10c
                0x08000000                        . = ALIGN (0x4)
 *(.isr_vector)
 .isr_vector    0x08000000      0x10c ./Core/Startup/startup_stm32f103c8tx.o
                0x08000000                g_pfnVectors
                0x0800010c                        . = ALIGN (0x4)

.text           0x0800010c     0x4bac
                0x0800010c                        . = ALIGN (0x4)
 *(.text)
 .text          0x0800010c       0x40 /home/chartle1453/programs/stm32/plugins/com.st.stm32cube.ide.mcu.externaltools.gnu-tools-for-stm32.13.3.rel1.linux64_1.0.0.202410170706/tools/bin/../lib/gcc/arm-none-eabi/13.3.1/thumb/v7-m/nofp/crtbegin.o
 *(.text*)
 .text.init_Bullets
                0x0800014c       0x58 ./Core/Src/main.o
                0x0800014c                init_Bullets
 .text.init_enemyBullets
                0x080001a4       0x80 ./Core/Src/main.o
                0x080001a4                init_enemyBullets
 .text.killEnemy
                0x08000224       0x38 ./Core/Src/main.o
                0x08000224                killEnemy
 .text.calculateCollisions
                0x0800025c      0x124 ./Core/Src/main.o
                0x0800025c                calculateCollisions
 .text.update_Bullets
                0x08000380      0x1ec ./Core/Src/main.o
                0x08000380                update_Bullets
 .text.EXTI2_IRQHandler
                0x0800056c       0x88 ./Core/Src/main.o
                0x0800056c                EXTI2_IRQHandler
 .text.updateEnemyStates
                0x080005f4      0x23c ./Core/Src/main.o
                0x080005f4                updateEnemyStates
 .text.updatePlayerSpeed
                0x08000830       0xc8 ./Core/Src/main.o
                0x08000830                updatePlayerSpeed
 .text.checkIfOutOfBounds
                0x080008f8       0x4c ./Core/Src/main.o
                0x080008f8                checkIfOutOfBounds
 .text.updatePlayerPosition
                0x08000944       0x7c ./Core/Src/main.o
                0x08000944                updatePlayerPosition
 .text.createEnemyBullets
                0x080009c0      0x144 ./Core/Src/main.o
                0x080009c0                createEnemyBullets
 .text.generateNewSpeeds
                0x08000b04       0x68 ./Core/Src/main.o
                0x08000b04                generateNewSpeeds
 .text.updateEnemyAnimations
                0x08000b6c       0xd4 ./Core/Src/main.o
                0x08000b6c                updateEnemyAnimations
 .text.incrementTicksSinceLastAnimationChange
                0x08000c40       0x54 ./Core/Src/main.o
                0x08000c40                incrementTicksSinceLastAnimationChange
 .text.enemyCollisionAvoidance
                0x08000c94       0xcc ./Core/Src/main.o
                0x08000c94                enemyCollisionAvoidance
 .text.enemyOutOfBounds
                0x08000d60       0x48 ./Core/Src/main.o
                0x08000d60                enemyOutOfBounds
 .text.updateEnemyPositions
                0x08000da8      0x190 ./Core/Src/main.o
                0x08000da8                updateEnemyPositions
 .text.gameOverScreen
                0x08000f38       0xe4 ./Core/Src/main.o
                0x08000f38                gameOverScreen
 .text.playerCollisionLogic
                0x0800101c       0x4c ./Core/Src/main.o
                0x0800101c                playerCollisionLogic
 .text.calculatePlayerCollisions
                0x08001068       0x98 ./Core/Src/main.o
                0x08001068                calculatePlayerCollisions
 .text.checkForVictory
                0x08001100       0xf0 ./Core/Src/main.o
                0x08001100                checkForVictory
 .text.killAll  0x080011f0       0x3c ./Core/Src/main.o
                0x080011f0                killAll
 .text.checkForCheats
                0x0800122c       0x1c ./Core/Src/main.o
                0x0800122c                checkForCheats
 .text.main     0x08001248      0x384 ./Core/Src/main.o
                0x08001248                main
 .text.SystemClock_Config
                0x080015cc       0xc0 ./Core/Src/main.o
                0x080015cc                SystemClock_Config
 .text.MX_SPI2_Init
                0x0800168c       0x70 ./Core/Src/main.o
 .text.MX_USB_PCD_Init
                0x080016fc       0x44 ./Core/Src/main.o
 .text.MX_DMA_Init
                0x08001740       0x3c ./Core/Src/main.o
 .text.MX_GPIO_Init
                0x0800177c      0x168 ./Core/Src/main.o
 .text.Error_Handler
                0x080018e4        0xc ./Core/Src/main.o
                0x080018e4                Error_Handler
 .text.ST7735_Select
                0x080018f0       0x18 ./Core/Src/st7735.o
 .text.ST7735_Unselect
                0x08001908       0x18 ./Core/Src/st7735.o
                0x08001908                ST7735_Unselect
 .text.ST7735_Reset
                0x08001920       0x2c ./Core/Src/st7735.o
 .text.ST7735_WriteCommand
                0x0800194c       0x34 ./Core/Src/st7735.o
 .text.ST7735_WriteData
                0x08001980       0x38 ./Core/Src/st7735.o
 .text.ST7735_ExecuteCommandList
                0x080019b8       0x92 ./Core/Src/st7735.o
 .text.ST7735_SetAddressWindow
                0x08001a4a       0x78 ./Core/Src/st7735.o
 *fill*         0x08001ac2        0x2 
 .text.ST7735_Init
                0x08001ac4       0x34 ./Core/Src/st7735.o
                0x08001ac4                ST7735_Init
 .text.ST7735_DrawPixel
                0x08001af8       0x68 ./Core/Src/st7735.o
                0x08001af8                ST7735_DrawPixel
 .text.ST7735_WriteChar
                0x08001b60       0xee ./Core/Src/st7735.o
 .text.ST7735_WriteString
                0x08001c4e       0x94 ./Core/Src/st7735.o
                0x08001c4e                ST7735_WriteString
 *fill*         0x08001ce2        0x2 
 .text.ST7735_FillRectangleFast
                0x08001ce4      0x10c ./Core/Src/st7735.o
                0x08001ce4                ST7735_FillRectangleFast
 .text.ST7735_FillScreenFast
                0x08001df0       0x22 ./Core/Src/st7735.o
                0x08001df0                ST7735_FillScreenFast
 .text.ST7735_DrawImage
                0x08001e12       0x98 ./Core/Src/st7735.o
                0x08001e12                ST7735_DrawImage
 *fill*         0x08001eaa        0x2 
 .text.HAL_MspInit
                0x08001eac       0x64 ./Core/Src/stm32f1xx_hal_msp.o
                0x08001eac                HAL_MspInit
 .text.HAL_SPI_MspInit
                0x08001f10       0xd4 ./Core/Src/stm32f1xx_hal_msp.o
                0x08001f10                HAL_SPI_MspInit
 .text.HAL_PCD_MspInit
                0x08001fe4       0x3c ./Core/Src/stm32f1xx_hal_msp.o
                0x08001fe4                HAL_PCD_MspInit
 .text.NMI_Handler
                0x08002020        0x8 ./Core/Src/stm32f1xx_it.o
                0x08002020                NMI_Handler
 .text.HardFault_Handler
                0x08002028        0x8 ./Core/Src/stm32f1xx_it.o
                0x08002028                HardFault_Handler
 .text.MemManage_Handler
                0x08002030        0x8 ./Core/Src/stm32f1xx_it.o
                0x08002030                MemManage_Handler
 .text.BusFault_Handler
                0x08002038        0x8 ./Core/Src/stm32f1xx_it.o
                0x08002038                BusFault_Handler
 .text.UsageFault_Handler
                0x08002040        0x8 ./Core/Src/stm32f1xx_it.o
                0x08002040                UsageFault_Handler
 .text.SVC_Handler
                0x08002048        0xc ./Core/Src/stm32f1xx_it.o
                0x08002048                SVC_Handler
 .text.DebugMon_Handler
                0x08002054        0xc ./Core/Src/stm32f1xx_it.o
                0x08002054                DebugMon_Handler
 .text.PendSV_Handler
                0x08002060        0xc ./Core/Src/stm32f1xx_it.o
                0x08002060                PendSV_Handler
 .text.SysTick_Handler
                0x0800206c        0xc ./Core/Src/stm32f1xx_it.o
                0x0800206c                SysTick_Handler
 .text.DMA1_Channel5_IRQHandler
                0x08002078       0x14 ./Core/Src/stm32f1xx_it.o
                0x08002078                DMA1_Channel5_IRQHandler
 .text._getpid  0x0800208c        0xe ./Core/Src/syscalls.o
                0x0800208c                _getpid
 .text._kill    0x0800209a       0x20 ./Core/Src/syscalls.o
                0x0800209a                _kill
 .text._exit    0x080020ba       0x16 ./Core/Src/syscalls.o
                0x080020ba                _exit
 .text._read    0x080020d0       0x3a ./Core/Src/syscalls.o
                0x080020d0                _read
 .text._write   0x0800210a       0x38 ./Core/Src/syscalls.o
                0x0800210a                _write
 .text._close   0x08002142       0x16 ./Core/Src/syscalls.o
                0x08002142                _close
 .text._fstat   0x08002158       0x1e ./Core/Src/syscalls.o
                0x08002158                _fstat
 .text._isatty  0x08002176       0x14 ./Core/Src/syscalls.o
                0x08002176                _isatty
 .text._lseek   0x0800218a       0x18 ./Core/Src/syscalls.o
                0x0800218a                _lseek
 *fill*         0x080021a2        0x2 
 .text._sbrk    0x080021a4       0x6c ./Core/Src/sysmem.o
                0x080021a4                _sbrk
 .text.SystemInit
                0x08002210        0xc ./Core/Src/system_stm32f1xx.o
                0x08002210                SystemInit
 .text.Reset_Handler
                0x0800221c       0x48 ./Core/Startup/startup_stm32f103c8tx.o
                0x0800221c                Reset_Handler
 .text.Default_Handler
                0x08002264        0x2 ./Core/Startup/startup_stm32f103c8tx.o
                0x08002264                RTC_Alarm_IRQHandler
                0x08002264                TIM1_CC_IRQHandler
                0x08002264                PVD_IRQHandler
                0x08002264                EXTI3_IRQHandler
                0x08002264                EXTI0_IRQHandler
                0x08002264                I2C2_EV_IRQHandler
                0x08002264                ADC1_2_IRQHandler
                0x08002264                SPI1_IRQHandler
                0x08002264                TAMPER_IRQHandler
                0x08002264                DMA1_Channel4_IRQHandler
                0x08002264                USART3_IRQHandler
                0x08002264                RTC_IRQHandler
                0x08002264                DMA1_Channel7_IRQHandler
                0x08002264                CAN1_RX1_IRQHandler
                0x08002264                TIM4_IRQHandler
                0x08002264                I2C1_EV_IRQHandler
                0x08002264                DMA1_Channel6_IRQHandler
                0x08002264                TIM3_IRQHandler
                0x08002264                RCC_IRQHandler
                0x08002264                TIM1_TRG_COM_IRQHandler
                0x08002264                DMA1_Channel1_IRQHandler
                0x08002264                Default_Handler
                0x08002264                EXTI15_10_IRQHandler
                0x08002264                EXTI9_5_IRQHandler
                0x08002264                SPI2_IRQHandler
                0x08002264                EXTI4_IRQHandler
                0x08002264                USB_LP_CAN1_RX0_IRQHandler
                0x08002264                USB_HP_CAN1_TX_IRQHandler
                0x08002264                DMA1_Channel3_IRQHandler
                0x08002264                TIM1_UP_IRQHandler
                0x08002264                WWDG_IRQHandler
                0x08002264                TIM2_IRQHandler
                0x08002264                TIM1_BRK_IRQHandler
                0x08002264                EXTI1_IRQHandler
                0x08002264                USART2_IRQHandler
                0x08002264                I2C2_ER_IRQHandler
                0x08002264                DMA1_Channel2_IRQHandler
                0x08002264                CAN1_SCE_IRQHandler
                0x08002264                FLASH_IRQHandler
                0x08002264                USART1_IRQHandler
                0x08002264                I2C1_ER_IRQHandler
                0x08002264                USBWakeUp_IRQHandler
 *fill*         0x08002266        0x2 
 .text.HAL_Init
                0x08002268       0x2c ./Drivers/STM32F1xx_HAL_Driver/Src/stm32f1xx_hal.o
                0x08002268                HAL_Init
 .text.HAL_InitTick
                0x08002294       0x60 ./Drivers/STM32F1xx_HAL_Driver/Src/stm32f1xx_hal.o
                0x08002294                HAL_InitTick
 .text.HAL_IncTick
                0x080022f4       0x24 ./Drivers/STM32F1xx_HAL_Driver/Src/stm32f1xx_hal.o
                0x080022f4                HAL_IncTick
 .text.HAL_GetTick
                0x08002318       0x14 ./Drivers/STM32F1xx_HAL_Driver/Src/stm32f1xx_hal.o
                0x08002318                HAL_GetTick
 .text.HAL_Delay
                0x0800232c       0x48 ./Drivers/STM32F1xx_HAL_Driver/Src/stm32f1xx_hal.o
                0x0800232c                HAL_Delay
 .text.__NVIC_SetPriorityGrouping
                0x08002374       0x48 ./Drivers/STM32F1xx_HAL_Driver/Src/stm32f1xx_hal_cortex.o
 .text.__NVIC_GetPriorityGrouping
                0x080023bc       0x1c ./Drivers/STM32F1xx_HAL_Driver/Src/stm32f1xx_hal_cortex.o
 .text.__NVIC_EnableIRQ
                0x080023d8       0x38 ./Drivers/STM32F1xx_HAL_Driver/Src/stm32f1xx_hal_cortex.o
 .text.__NVIC_SetPriority
                0x08002410       0x54 ./Drivers/STM32F1xx_HAL_Driver/Src/stm32f1xx_hal_cortex.o
 .text.NVIC_EncodePriority
                0x08002464       0x64 ./Drivers/STM32F1xx_HAL_Driver/Src/stm32f1xx_hal_cortex.o
 .text.SysTick_Config
                0x080024c8       0x44 ./Drivers/STM32F1xx_HAL_Driver/Src/stm32f1xx_hal_cortex.o
 .text.HAL_NVIC_SetPriorityGrouping
                0x0800250c       0x16 ./Drivers/STM32F1xx_HAL_Driver/Src/stm32f1xx_hal_cortex.o
                0x0800250c                HAL_NVIC_SetPriorityGrouping
 .text.HAL_NVIC_SetPriority
                0x08002522       0x38 ./Drivers/STM32F1xx_HAL_Driver/Src/stm32f1xx_hal_cortex.o
                0x08002522                HAL_NVIC_SetPriority
 .text.HAL_NVIC_EnableIRQ
                0x0800255a       0x1c ./Drivers/STM32F1xx_HAL_Driver/Src/stm32f1xx_hal_cortex.o
                0x0800255a                HAL_NVIC_EnableIRQ
 .text.HAL_SYSTICK_Config
                0x08002576       0x18 ./Drivers/STM32F1xx_HAL_Driver/Src/stm32f1xx_hal_cortex.o
                0x08002576                HAL_SYSTICK_Config
 *fill*         0x0800258e        0x2 
 .text.HAL_DMA_Init
                0x08002590       0xb4 ./Drivers/STM32F1xx_HAL_Driver/Src/stm32f1xx_hal_dma.o
                0x08002590                HAL_DMA_Init
 .text.HAL_DMA_IRQHandler
                0x08002644      0x20c ./Drivers/STM32F1xx_HAL_Driver/Src/stm32f1xx_hal_dma.o
                0x08002644                HAL_DMA_IRQHandler
 .text.HAL_GPIO_Init
                0x08002850      0x308 ./Drivers/STM32F1xx_HAL_Driver/Src/stm32f1xx_hal_gpio.o
                0x08002850                HAL_GPIO_Init
 .text.HAL_GPIO_WritePin
                0x08002b58       0x30 ./Drivers/STM32F1xx_HAL_Driver/Src/stm32f1xx_hal_gpio.o
                0x08002b58                HAL_GPIO_WritePin
 .text.HAL_PCD_Init
                0x08002b88      0x1ec ./Drivers/STM32F1xx_HAL_Driver/Src/stm32f1xx_hal_pcd.o
                0x08002b88                HAL_PCD_Init
 .text.HAL_RCC_OscConfig
                0x08002d74      0x504 ./Drivers/STM32F1xx_HAL_Driver/Src/stm32f1xx_hal_rcc.o
                0x08002d74                HAL_RCC_OscConfig
 .text.HAL_RCC_ClockConfig
                0x08003278      0x1d4 ./Drivers/STM32F1xx_HAL_Driver/Src/stm32f1xx_hal_rcc.o
                0x08003278                HAL_RCC_ClockConfig
 .text.HAL_RCC_MCOConfig
                0x0800344c       0x70 ./Drivers/STM32F1xx_HAL_Driver/Src/stm32f1xx_hal_rcc.o
                0x0800344c                HAL_RCC_MCOConfig
 .text.HAL_RCC_GetSysClockFreq
                0x080034bc       0xa8 ./Drivers/STM32F1xx_HAL_Driver/Src/stm32f1xx_hal_rcc.o
                0x080034bc                HAL_RCC_GetSysClockFreq
 .text.RCC_Delay
                0x08003564       0x3c ./Drivers/STM32F1xx_HAL_Driver/Src/stm32f1xx_hal_rcc.o
 .text.HAL_RCCEx_PeriphCLKConfig
                0x080035a0      0x16c ./Drivers/STM32F1xx_HAL_Driver/Src/stm32f1xx_hal_rcc_ex.o
                0x080035a0                HAL_RCCEx_PeriphCLKConfig
 .text.HAL_SPI_Init
                0x0800370c      0x108 ./Drivers/STM32F1xx_HAL_Driver/Src/stm32f1xx_hal_spi.o
                0x0800370c                HAL_SPI_Init
 .text.HAL_SPI_Transmit
                0x08003814      0x288 ./Drivers/STM32F1xx_HAL_Driver/Src/stm32f1xx_hal_spi.o
                0x08003814                HAL_SPI_Transmit
 .text.SPI_WaitFlagStateUntilTimeout
                0x08003a9c      0x110 ./Drivers/STM32F1xx_HAL_Driver/Src/stm32f1xx_hal_spi.o
 .text.SPI_EndRxTxTransaction
                0x08003bac       0x62 ./Drivers/STM32F1xx_HAL_Driver/Src/stm32f1xx_hal_spi.o
 .text.USB_CoreInit
                0x08003c0e       0x1a ./Drivers/STM32F1xx_HAL_Driver/Src/stm32f1xx_ll_usb.o
                0x08003c0e                USB_CoreInit
 .text.USB_DisableGlobalInt
                0x08003c28       0x34 ./Drivers/STM32F1xx_HAL_Driver/Src/stm32f1xx_ll_usb.o
                0x08003c28                USB_DisableGlobalInt
 .text.USB_SetCurrentMode
                0x08003c5c       0x18 ./Drivers/STM32F1xx_HAL_Driver/Src/stm32f1xx_ll_usb.o
                0x08003c5c                USB_SetCurrentMode
 .text.USB_DevInit
                0x08003c74       0x3a ./Drivers/STM32F1xx_HAL_Driver/Src/stm32f1xx_ll_usb.o
                0x08003c74                USB_DevInit
 .text.USB_DevDisconnect
                0x08003cae       0x14 ./Drivers/STM32F1xx_HAL_Driver/Src/stm32f1xx_ll_usb.o
                0x08003cae                USB_DevDisconnect
 *fill*         0x08003cc2        0x2 
 .text.malloc   0x08003cc4       0x10 /home/chartle1453/programs/stm32/plugins/com.st.stm32cube.ide.mcu.externaltools.gnu-tools-for-stm32.13.3.rel1.linux64_1.0.0.202410170706/tools/bin/../lib/gcc/arm-none-eabi/13.3.1/../../../../arm-none-eabi/lib/thumb/v7-m/nofp/libc_nano.a(libc_a-malloc.o)
                0x08003cc4                malloc
 .text.free     0x08003cd4       0x10 /home/chartle1453/programs/stm32/plugins/com.st.stm32cube.ide.mcu.externaltools.gnu-tools-for-stm32.13.3.rel1.linux64_1.0.0.202410170706/tools/bin/../lib/gcc/arm-none-eabi/13.3.1/../../../../arm-none-eabi/lib/thumb/v7-m/nofp/libc_nano.a(libc_a-malloc.o)
                0x08003cd4                free
 .text.sbrk_aligned
                0x08003ce4       0x44 /home/chartle1453/programs/stm32/plugins/com.st.stm32cube.ide.mcu.externaltools.gnu-tools-for-stm32.13.3.rel1.linux64_1.0.0.202410170706/tools/bin/../lib/gcc/arm-none-eabi/13.3.1/../../../../arm-none-eabi/lib/thumb/v7-m/nofp/libc_nano.a(libc_a-mallocr.o)
 .text._malloc_r
                0x08003d28      0x100 /home/chartle1453/programs/stm32/plugins/com.st.stm32cube.ide.mcu.externaltools.gnu-tools-for-stm32.13.3.rel1.linux64_1.0.0.202410170706/tools/bin/../lib/gcc/arm-none-eabi/13.3.1/../../../../arm-none-eabi/lib/thumb/v7-m/nofp/libc_nano.a(libc_a-mallocr.o)
                0x08003d28                _malloc_r
 .text.__malloc_lock
                0x08003e28        0xc /home/chartle1453/programs/stm32/plugins/com.st.stm32cube.ide.mcu.externaltools.gnu-tools-for-stm32.13.3.rel1.linux64_1.0.0.202410170706/tools/bin/../lib/gcc/arm-none-eabi/13.3.1/../../../../arm-none-eabi/lib/thumb/v7-m/nofp/libc_nano.a(libc_a-mlock.o)
                0x08003e28                __malloc_lock
 .text.__malloc_unlock
                0x08003e34        0xc /home/chartle1453/programs/stm32/plugins/com.st.stm32cube.ide.mcu.externaltools.gnu-tools-for-stm32.13.3.rel1.linux64_1.0.0.202410170706/tools/bin/../lib/gcc/arm-none-eabi/13.3.1/../../../../arm-none-eabi/lib/thumb/v7-m/nofp/libc_nano.a(libc_a-mlock.o)
                0x08003e34                __malloc_unlock
 .text.rand     0x08003e40       0x7c /home/chartle1453/programs/stm32/plugins/com.st.stm32cube.ide.mcu.externaltools.gnu-tools-for-stm32.13.3.rel1.linux64_1.0.0.202410170706/tools/bin/../lib/gcc/arm-none-eabi/13.3.1/../../../../arm-none-eabi/lib/thumb/v7-m/nofp/libc_nano.a(libc_a-rand.o)
                0x08003e40                rand
 .text.std      0x08003ebc       0x6c /home/chartle1453/programs/stm32/plugins/com.st.stm32cube.ide.mcu.externaltools.gnu-tools-for-stm32.13.3.rel1.linux64_1.0.0.202410170706/tools/bin/../lib/gcc/arm-none-eabi/13.3.1/../../../../arm-none-eabi/lib/thumb/v7-m/nofp/libc_nano.a(libc_a-findfp.o)
 .text.stdio_exit_handler
                0x08003f28       0x18 /home/chartle1453/programs/stm32/plugins/com.st.stm32cube.ide.mcu.externaltools.gnu-tools-for-stm32.13.3.rel1.linux64_1.0.0.202410170706/tools/bin/../lib/gcc/arm-none-eabi/13.3.1/../../../../arm-none-eabi/lib/thumb/v7-m/nofp/libc_nano.a(libc_a-findfp.o)
 .text.cleanup_stdio
                0x08003f40       0x40 /home/chartle1453/programs/stm32/plugins/com.st.stm32cube.ide.mcu.externaltools.gnu-tools-for-stm32.13.3.rel1.linux64_1.0.0.202410170706/tools/bin/../lib/gcc/arm-none-eabi/13.3.1/../../../../arm-none-eabi/lib/thumb/v7-m/nofp/libc_nano.a(libc_a-findfp.o)
 .text.global_stdio_init.part.0
                0x08003f80       0x3c /home/chartle1453/programs/stm32/plugins/com.st.stm32cube.ide.mcu.externaltools.gnu-tools-for-stm32.13.3.rel1.linux64_1.0.0.202410170706/tools/bin/../lib/gcc/arm-none-eabi/13.3.1/../../../../arm-none-eabi/lib/thumb/v7-m/nofp/libc_nano.a(libc_a-findfp.o)
 .text.__sfp_lock_acquire
                0x08003fbc        0xc /home/chartle1453/programs/stm32/plugins/com.st.stm32cube.ide.mcu.externaltools.gnu-tools-for-stm32.13.3.rel1.linux64_1.0.0.202410170706/tools/bin/../lib/gcc/arm-none-eabi/13.3.1/../../../../arm-none-eabi/lib/thumb/v7-m/nofp/libc_nano.a(libc_a-findfp.o)
                0x08003fbc                __sfp_lock_acquire
 .text.__sfp_lock_release
                0x08003fc8        0xc /home/chartle1453/programs/stm32/plugins/com.st.stm32cube.ide.mcu.externaltools.gnu-tools-for-stm32.13.3.rel1.linux64_1.0.0.202410170706/tools/bin/../lib/gcc/arm-none-eabi/13.3.1/../../../../arm-none-eabi/lib/thumb/v7-m/nofp/libc_nano.a(libc_a-findfp.o)
                0x08003fc8                __sfp_lock_release
 .text.__sinit  0x08003fd4       0x30 /home/chartle1453/programs/stm32/plugins/com.st.stm32cube.ide.mcu.externaltools.gnu-tools-for-stm32.13.3.rel1.linux64_1.0.0.202410170706/tools/bin/../lib/gcc/arm-none-eabi/13.3.1/../../../../arm-none-eabi/lib/thumb/v7-m/nofp/libc_nano.a(libc_a-findfp.o)
                0x08003fd4                __sinit
 .text._fwalk_sglue
                0x08004004       0x3c /home/chartle1453/programs/stm32/plugins/com.st.stm32cube.ide.mcu.externaltools.gnu-tools-for-stm32.13.3.rel1.linux64_1.0.0.202410170706/tools/bin/../lib/gcc/arm-none-eabi/13.3.1/../../../../arm-none-eabi/lib/thumb/v7-m/nofp/libc_nano.a(libc_a-fwalk.o)
                0x08004004                _fwalk_sglue
 .text.__sread  0x08004040       0x22 /home/chartle1453/programs/stm32/plugins/com.st.stm32cube.ide.mcu.externaltools.gnu-tools-for-stm32.13.3.rel1.linux64_1.0.0.202410170706/tools/bin/../lib/gcc/arm-none-eabi/13.3.1/../../../../arm-none-eabi/lib/thumb/v7-m/nofp/libc_nano.a(libc_a-stdio.o)
                0x08004040                __sread
 .text.__swrite
                0x08004062       0x38 /home/chartle1453/programs/stm32/plugins/com.st.stm32cube.ide.mcu.externaltools.gnu-tools-for-stm32.13.3.rel1.linux64_1.0.0.202410170706/tools/bin/../lib/gcc/arm-none-eabi/13.3.1/../../../../arm-none-eabi/lib/thumb/v7-m/nofp/libc_nano.a(libc_a-stdio.o)
                0x08004062                __swrite
 .text.__sseek  0x0800409a       0x24 /home/chartle1453/programs/stm32/plugins/com.st.stm32cube.ide.mcu.externaltools.gnu-tools-for-stm32.13.3.rel1.linux64_1.0.0.202410170706/tools/bin/../lib/gcc/arm-none-eabi/13.3.1/../../../../arm-none-eabi/lib/thumb/v7-m/nofp/libc_nano.a(libc_a-stdio.o)
                0x0800409a                __sseek
 .text.__sclose
                0x080040be        0x8 /home/chartle1453/programs/stm32/plugins/com.st.stm32cube.ide.mcu.externaltools.gnu-tools-for-stm32.13.3.rel1.linux64_1.0.0.202410170706/tools/bin/../lib/gcc/arm-none-eabi/13.3.1/../../../../arm-none-eabi/lib/thumb/v7-m/nofp/libc_nano.a(libc_a-stdio.o)
                0x080040be                __sclose
 .text.memset   0x080040c6       0x10 /home/chartle1453/programs/stm32/plugins/com.st.stm32cube.ide.mcu.externaltools.gnu-tools-for-stm32.13.3.rel1.linux64_1.0.0.202410170706/tools/bin/../lib/gcc/arm-none-eabi/13.3.1/../../../../arm-none-eabi/lib/thumb/v7-m/nofp/libc_nano.a(libc_a-memset.o)
                0x080040c6                memset
 *fill*         0x080040d6        0x2 
 .text._close_r
                0x080040d8       0x20 /home/chartle1453/programs/stm32/plugins/com.st.stm32cube.ide.mcu.externaltools.gnu-tools-for-stm32.13.3.rel1.linux64_1.0.0.202410170706/tools/bin/../lib/gcc/arm-none-eabi/13.3.1/../../../../arm-none-eabi/lib/thumb/v7-m/nofp/libc_nano.a(libc_a-closer.o)
                0x080040d8                _close_r
 .text._lseek_r
                0x080040f8       0x24 /home/chartle1453/programs/stm32/plugins/com.st.stm32cube.ide.mcu.externaltools.gnu-tools-for-stm32.13.3.rel1.linux64_1.0.0.202410170706/tools/bin/../lib/gcc/arm-none-eabi/13.3.1/../../../../arm-none-eabi/lib/thumb/v7-m/nofp/libc_nano.a(libc_a-lseekr.o)
                0x080040f8                _lseek_r
 .text._read_r  0x0800411c       0x24 /home/chartle1453/programs/stm32/plugins/com.st.stm32cube.ide.mcu.externaltools.gnu-tools-for-stm32.13.3.rel1.linux64_1.0.0.202410170706/tools/bin/../lib/gcc/arm-none-eabi/13.3.1/../../../../arm-none-eabi/lib/thumb/v7-m/nofp/libc_nano.a(libc_a-readr.o)
                0x0800411c                _read_r
 .text._sbrk_r  0x08004140       0x20 /home/chartle1453/programs/stm32/plugins/com.st.stm32cube.ide.mcu.externaltools.gnu-tools-for-stm32.13.3.rel1.linux64_1.0.0.202410170706/tools/bin/../lib/gcc/arm-none-eabi/13.3.1/../../../../arm-none-eabi/lib/thumb/v7-m/nofp/libc_nano.a(libc_a-sbrkr.o)
                0x08004140                _sbrk_r
 .text._write_r
                0x08004160       0x24 /home/chartle1453/programs/stm32/plugins/com.st.stm32cube.ide.mcu.externaltools.gnu-tools-for-stm32.13.3.rel1.linux64_1.0.0.202410170706/tools/bin/../lib/gcc/arm-none-eabi/13.3.1/../../../../arm-none-eabi/lib/thumb/v7-m/nofp/libc_nano.a(libc_a-writer.o)
                0x08004160                _write_r
 .text.__errno  0x08004184        0xc /home/chartle1453/programs/stm32/plugins/com.st.stm32cube.ide.mcu.externaltools.gnu-tools-for-stm32.13.3.rel1.linux64_1.0.0.202410170706/tools/bin/../lib/gcc/arm-none-eabi/13.3.1/../../../../arm-none-eabi/lib/thumb/v7-m/nofp/libc_nano.a(libc_a-errno.o)
                0x08004184                __errno
 .text.__libc_init_array
                0x08004190       0x48 /home/chartle1453/programs/stm32/plugins/com.st.stm32cube.ide.mcu.externaltools.gnu-tools-for-stm32.13.3.rel1.linux64_1.0.0.202410170706/tools/bin/../lib/gcc/arm-none-eabi/13.3.1/../../../../arm-none-eabi/lib/thumb/v7-m/nofp/libc_nano.a(libc_a-init.o)
                0x08004190                __libc_init_array
 .text.__retarget_lock_init_recursive
                0x080041d8        0x2 /home/chartle1453/programs/stm32/plugins/com.st.stm32cube.ide.mcu.externaltools.gnu-tools-for-stm32.13.3.rel1.linux64_1.0.0.202410170706/tools/bin/../lib/gcc/arm-none-eabi/13.3.1/../../../../arm-none-eabi/lib/thumb/v7-m/nofp/libc_nano.a(libc_a-lock.o)
                0x080041d8                __retarget_lock_init_recursive
 .text.__retarget_lock_acquire_recursive
                0x080041da        0x2 /home/chartle1453/programs/stm32/plugins/com.st.stm32cube.ide.mcu.externaltools.gnu-tools-for-stm32.13.3.rel1.linux64_1.0.0.202410170706/tools/bin/../lib/gcc/arm-none-eabi/13.3.1/../../../../arm-none-eabi/lib/thumb/v7-m/nofp/libc_nano.a(libc_a-lock.o)
                0x080041da                __retarget_lock_acquire_recursive
 .text.__retarget_lock_release_recursive
                0x080041dc        0x2 /home/chartle1453/programs/stm32/plugins/com.st.stm32cube.ide.mcu.externaltools.gnu-tools-for-stm32.13.3.rel1.linux64_1.0.0.202410170706/tools/bin/../lib/gcc/arm-none-eabi/13.3.1/../../../../arm-none-eabi/lib/thumb/v7-m/nofp/libc_nano.a(libc_a-lock.o)
                0x080041dc                __retarget_lock_release_recursive
 *fill*         0x080041de        0x2 
 .text.__assert_func
                0x080041e0       0x3c /home/chartle1453/programs/stm32/plugins/com.st.stm32cube.ide.mcu.externaltools.gnu-tools-for-stm32.13.3.rel1.linux64_1.0.0.202410170706/tools/bin/../lib/gcc/arm-none-eabi/13.3.1/../../../../arm-none-eabi/lib/thumb/v7-m/nofp/libc_nano.a(libc_a-assert.o)
                0x080041e0                __assert_func
 .text._free_r  0x0800421c       0x90 /home/chartle1453/programs/stm32/plugins/com.st.stm32cube.ide.mcu.externaltools.gnu-tools-for-stm32.13.3.rel1.linux64_1.0.0.202410170706/tools/bin/../lib/gcc/arm-none-eabi/13.3.1/../../../../arm-none-eabi/lib/thumb/v7-m/nofp/libc_nano.a(libc_a-freer.o)
                0x0800421c                _free_r
 .text.__sflush_r
                0x080042ac      0x100 /home/chartle1453/programs/stm32/plugins/com.st.stm32cube.ide.mcu.externaltools.gnu-tools-for-stm32.13.3.rel1.linux64_1.0.0.202410170706/tools/bin/../lib/gcc/arm-none-eabi/13.3.1/../../../../arm-none-eabi/lib/thumb/v7-m/nofp/libc_nano.a(libc_a-fflush.o)
                0x080042ac                __sflush_r
 .text._fflush_r
                0x080043ac       0x50 /home/chartle1453/programs/stm32/plugins/com.st.stm32cube.ide.mcu.externaltools.gnu-tools-for-stm32.13.3.rel1.linux64_1.0.0.202410170706/tools/bin/../lib/gcc/arm-none-eabi/13.3.1/../../../../arm-none-eabi/lib/thumb/v7-m/nofp/libc_nano.a(libc_a-fflush.o)
                0x080043ac                _fflush_r
 .text.fprintf  0x080043fc       0x24 /home/chartle1453/programs/stm32/plugins/com.st.stm32cube.ide.mcu.externaltools.gnu-tools-for-stm32.13.3.rel1.linux64_1.0.0.202410170706/tools/bin/../lib/gcc/arm-none-eabi/13.3.1/../../../../arm-none-eabi/lib/thumb/v7-m/nofp/libc_nano.a(libc_a-fprintf.o)
                0x080043fc                fprintf
                0x080043fc                fiprintf
 .text.abort    0x08004420        0xe /home/chartle1453/programs/stm32/plugins/com.st.stm32cube.ide.mcu.externaltools.gnu-tools-for-stm32.13.3.rel1.linux64_1.0.0.202410170706/tools/bin/../lib/gcc/arm-none-eabi/13.3.1/../../../../arm-none-eabi/lib/thumb/v7-m/nofp/libc_nano.a(libc_a-abort.o)
                0x08004420                abort
 .text.__sfputc_r
                0x0800442e       0x2a /home/chartle1453/programs/stm32/plugins/com.st.stm32cube.ide.mcu.externaltools.gnu-tools-for-stm32.13.3.rel1.linux64_1.0.0.202410170706/tools/bin/../lib/gcc/arm-none-eabi/13.3.1/../../../../arm-none-eabi/lib/thumb/v7-m/nofp/libc_nano.a(libc_a-nano-vfprintf.o)
 .text.__sfputs_r
                0x08004458       0x24 /home/chartle1453/programs/stm32/plugins/com.st.stm32cube.ide.mcu.externaltools.gnu-tools-for-stm32.13.3.rel1.linux64_1.0.0.202410170706/tools/bin/../lib/gcc/arm-none-eabi/13.3.1/../../../../arm-none-eabi/lib/thumb/v7-m/nofp/libc_nano.a(libc_a-nano-vfprintf.o)
                0x08004458                __sfputs_r
 .text._vfprintf_r
                0x0800447c      0x230 /home/chartle1453/programs/stm32/plugins/com.st.stm32cube.ide.mcu.externaltools.gnu-tools-for-stm32.13.3.rel1.linux64_1.0.0.202410170706/tools/bin/../lib/gcc/arm-none-eabi/13.3.1/../../../../arm-none-eabi/lib/thumb/v7-m/nofp/libc_nano.a(libc_a-nano-vfprintf.o)
                0x0800447c                _vfiprintf_r
                0x0800447c                _vfprintf_r
 .text._printf_common
                0x080046ac       0xe4 /home/chartle1453/programs/stm32/plugins/com.st.stm32cube.ide.mcu.externaltools.gnu-tools-for-stm32.13.3.rel1.linux64_1.0.0.202410170706/tools/bin/../lib/gcc/arm-none-eabi/13.3.1/../../../../arm-none-eabi/lib/thumb/v7-m/nofp/libc_nano.a(libc_a-nano-vfprintf_i.o)
                0x080046ac                _printf_common
 .text._printf_i
                0x08004790      0x23c /home/chartle1453/programs/stm32/plugins/com.st.stm32cube.ide.mcu.externaltools.gnu-tools-for-stm32.13.3.rel1.linux64_1.0.0.202410170706/tools/bin/../lib/gcc/arm-none-eabi/13.3.1/../../../../arm-none-eabi/lib/thumb/v7-m/nofp/libc_nano.a(libc_a-nano-vfprintf_i.o)
                0x08004790                _printf_i
 .text.__swbuf_r
                0x080049cc       0x7c /home/chartle1453/programs/stm32/plugins/com.st.stm32cube.ide.mcu.externaltools.gnu-tools-for-stm32.13.3.rel1.linux64_1.0.0.202410170706/tools/bin/../lib/gcc/arm-none-eabi/13.3.1/../../../../arm-none-eabi/lib/thumb/v7-m/nofp/libc_nano.a(libc_a-wbuf.o)
                0x080049cc                __swbuf_r
 .text.__swsetup_r
                0x08004a48       0xac /home/chartle1453/programs/stm32/plugins/com.st.stm32cube.ide.mcu.externaltools.gnu-tools-for-stm32.13.3.rel1.linux64_1.0.0.202410170706/tools/bin/../lib/gcc/arm-none-eabi/13.3.1/../../../../arm-none-eabi/lib/thumb/v7-m/nofp/libc_nano.a(libc_a-wsetup.o)
                0x08004a48                __swsetup_r
 .text._raise_r
                0x08004af4       0x50 /home/chartle1453/programs/stm32/plugins/com.st.stm32cube.ide.mcu.externaltools.gnu-tools-for-stm32.13.3.rel1.linux64_1.0.0.202410170706/tools/bin/../lib/gcc/arm-none-eabi/13.3.1/../../../../arm-none-eabi/lib/thumb/v7-m/nofp/libc_nano.a(libc_a-signal.o)
                0x08004af4                _raise_r
 .text.raise    0x08004b44       0x10 /home/chartle1453/programs/stm32/plugins/com.st.stm32cube.ide.mcu.externaltools.gnu-tools-for-stm32.13.3.rel1.linux64_1.0.0.202410170706/tools/bin/../lib/gcc/arm-none-eabi/13.3.1/../../../../arm-none-eabi/lib/thumb/v7-m/nofp/libc_nano.a(libc_a-signal.o)
                0x08004b44                raise
 .text._kill_r  0x08004b54       0x24 /home/chartle1453/programs/stm32/plugins/com.st.stm32cube.ide.mcu.externaltools.gnu-tools-for-stm32.13.3.rel1.linux64_1.0.0.202410170706/tools/bin/../lib/gcc/arm-none-eabi/13.3.1/../../../../arm-none-eabi/lib/thumb/v7-m/nofp/libc_nano.a(libc_a-signalr.o)
                0x08004b54                _kill_r
 .text._getpid_r
                0x08004b78        0x4 /home/chartle1453/programs/stm32/plugins/com.st.stm32cube.ide.mcu.externaltools.gnu-tools-for-stm32.13.3.rel1.linux64_1.0.0.202410170706/tools/bin/../lib/gcc/arm-none-eabi/13.3.1/../../../../arm-none-eabi/lib/thumb/v7-m/nofp/libc_nano.a(libc_a-signalr.o)
                0x08004b78                _getpid_r
 .text.memchr   0x08004b7c       0x1c /home/chartle1453/programs/stm32/plugins/com.st.stm32cube.ide.mcu.externaltools.gnu-tools-for-stm32.13.3.rel1.linux64_1.0.0.202410170706/tools/bin/../lib/gcc/arm-none-eabi/13.3.1/../../../../arm-none-eabi/lib/thumb/v7-m/nofp/libc_nano.a(libc_a-memchr-stub.o)
                0x08004b7c                memchr
 .text.__swhatbuf_r
                0x08004b98       0x4a /home/chartle1453/programs/stm32/plugins/com.st.stm32cube.ide.mcu.externaltools.gnu-tools-for-stm32.13.3.rel1.linux64_1.0.0.202410170706/tools/bin/../lib/gcc/arm-none-eabi/13.3.1/../../../../arm-none-eabi/lib/thumb/v7-m/nofp/libc_nano.a(libc_a-makebuf.o)
                0x08004b98                __swhatbuf_r
 .text.__smakebuf_r
                0x08004be2       0x78 /home/chartle1453/programs/stm32/plugins/com.st.stm32cube.ide.mcu.externaltools.gnu-tools-for-stm32.13.3.rel1.linux64_1.0.0.202410170706/tools/bin/../lib/gcc/arm-none-eabi/13.3.1/../../../../arm-none-eabi/lib/thumb/v7-m/nofp/libc_nano.a(libc_a-makebuf.o)
                0x08004be2                __smakebuf_r
 *fill*         0x08004c5a        0x2 
 .text._fstat_r
                0x08004c5c       0x24 /home/chartle1453/programs/stm32/plugins/com.st.stm32cube.ide.mcu.externaltools.gnu-tools-for-stm32.13.3.rel1.linux64_1.0.0.202410170706/tools/bin/../lib/gcc/arm-none-eabi/13.3.1/../../../../arm-none-eabi/lib/thumb/v7-m/nofp/libc_nano.a(libc_a-fstatr.o)
                0x08004c5c                _fstat_r
 .text._isatty_r
                0x08004c80       0x20 /home/chartle1453/programs/stm32/plugins/com.st.stm32cube.ide.mcu.externaltools.gnu-tools-for-stm32.13.3.rel1.linux64_1.0.0.202410170706/tools/bin/../lib/gcc/arm-none-eabi/13.3.1/../../../../arm-none-eabi/lib/thumb/v7-m/nofp/libc_nano.a(libc_a-isattyr.o)
                0x08004c80                _isatty_r
 *(.glue_7)
 .glue_7        0x08004ca0        0x0 linker stubs
 *(.glue_7t)
 .glue_7t       0x08004ca0        0x0 linker stubs
 *(.eh_frame)
 .eh_frame      0x08004ca0        0x0 /home/chartle1453/programs/stm32/plugins/com.st.stm32cube.ide.mcu.externaltools.gnu-tools-for-stm32.13.3.rel1.linux64_1.0.0.202410170706/tools/bin/../lib/gcc/arm-none-eabi/13.3.1/thumb/v7-m/nofp/crtbegin.o
 *(.init)
 .init          0x08004ca0        0x4 /home/chartle1453/programs/stm32/plugins/com.st.stm32cube.ide.mcu.externaltools.gnu-tools-for-stm32.13.3.rel1.linux64_1.0.0.202410170706/tools/bin/../lib/gcc/arm-none-eabi/13.3.1/thumb/v7-m/nofp/crti.o
                0x08004ca0                _init
 .init          0x08004ca4        0x8 /home/chartle1453/programs/stm32/plugins/com.st.stm32cube.ide.mcu.externaltools.gnu-tools-for-stm32.13.3.rel1.linux64_1.0.0.202410170706/tools/bin/../lib/gcc/arm-none-eabi/13.3.1/thumb/v7-m/nofp/crtn.o
 *(.fini)
 .fini          0x08004cac        0x4 /home/chartle1453/programs/stm32/plugins/com.st.stm32cube.ide.mcu.externaltools.gnu-tools-for-stm32.13.3.rel1.linux64_1.0.0.202410170706/tools/bin/../lib/gcc/arm-none-eabi/13.3.1/thumb/v7-m/nofp/crti.o
                0x08004cac                _fini
 .fini          0x08004cb0        0x8 /home/chartle1453/programs/stm32/plugins/com.st.stm32cube.ide.mcu.externaltools.gnu-tools-for-stm32.13.3.rel1.linux64_1.0.0.202410170706/tools/bin/../lib/gcc/arm-none-eabi/13.3.1/thumb/v7-m/nofp/crtn.o
                0x08004cb8                        . = ALIGN (0x4)
                0x08004cb8                        _etext = .

.vfp11_veneer   0x08004cb8        0x0
 .vfp11_veneer  0x08004cb8        0x0 linker stubs

.v4_bx          0x08004cb8        0x0
 .v4_bx         0x08004cb8        0x0 linker stubs

.iplt           0x08004cb8        0x0
 .iplt          0x08004cb8        0x0 /home/chartle1453/programs/stm32/plugins/com.st.stm32cube.ide.mcu.externaltools.gnu-tools-for-stm32.13.3.rel1.linux64_1.0.0.202410170706/tools/bin/../lib/gcc/arm-none-eabi/13.3.1/thumb/v7-m/nofp/crtbegin.o

.rodata         0x08004cb8     0x2cec
                0x08004cb8                        . = ALIGN (0x4)
 *(.rodata)
 .rodata        0x08004cb8       0xd8 ./Core/Src/main.o
 *(.rodata*)
 .rodata.Font7x10
                0x08004d90      0x76c ./Core/Src/fonts.o
 .rodata.Font11x18
                0x080054fc      0xd5c ./Core/Src/fonts.o
 .rodata.Font16x26
                0x08006258     0x134c ./Core/Src/fonts.o
 .rodata.player_ship_flat
                0x080075a4      0x108 ./Core/Src/sprites.o
                0x080075a4                player_ship_flat
 .rodata.enemy_ship_flat1
                0x080076ac       0x80 ./Core/Src/sprites.o
                0x080076ac                enemy_ship_flat1
 .rodata.enemy_ship_flat2
                0x0800772c       0x80 ./Core/Src/sprites.o
                0x0800772c                enemy_ship_flat2
 .rodata.enemy_ship_dying2
                0x080077ac       0x80 ./Core/Src/sprites.o
                0x080077ac                enemy_ship_dying2
 .rodata.init_cmds1
                0x0800782c       0x3b ./Core/Src/st7735.o
 *fill*         0x08007867        0x1 
 .rodata.init_cmds2
                0x08007868        0xd ./Core/Src/st7735.o
 *fill*         0x08007875        0x3 
 .rodata.init_cmds3
                0x08007878       0x2b ./Core/Src/st7735.o
 *fill*         0x080078a3        0x1 
 .rodata.AHBPrescTable
                0x080078a4       0x10 ./Core/Src/system_stm32f1xx.o
                0x080078a4                AHBPrescTable
 .rodata.aPLLMULFactorTable.1
                0x080078b4       0x10 ./Drivers/STM32F1xx_HAL_Driver/Src/stm32f1xx_hal_rcc.o
 .rodata.aPredivFactorTable.0
                0x080078c4        0x2 ./Drivers/STM32F1xx_HAL_Driver/Src/stm32f1xx_hal_rcc.o
 .rodata.srand.str1.1
                0x080078c6       0xde /home/chartle1453/programs/stm32/plugins/com.st.stm32cube.ide.mcu.externaltools.gnu-tools-for-stm32.13.3.rel1.linux64_1.0.0.202410170706/tools/bin/../lib/gcc/arm-none-eabi/13.3.1/../../../../arm-none-eabi/lib/thumb/v7-m/nofp/libc_nano.a(libc_a-rand.o)
                                 0x6f (size before relaxing)
 .rodata.__assert_func.str1.1
                0x080079a4       0x3d /home/chartle1453/programs/stm32/plugins/com.st.stm32cube.ide.mcu.externaltools.gnu-tools-for-stm32.13.3.rel1.linux64_1.0.0.202410170706/tools/bin/../lib/gcc/arm-none-eabi/13.3.1/../../../../arm-none-eabi/lib/thumb/v7-m/nofp/libc_nano.a(libc_a-assert.o)
 .rodata._vfprintf_r.str1.1
                0x080079a4       0x11 /home/chartle1453/programs/stm32/plugins/com.st.stm32cube.ide.mcu.externaltools.gnu-tools-for-stm32.13.3.rel1.linux64_1.0.0.202410170706/tools/bin/../lib/gcc/arm-none-eabi/13.3.1/../../../../arm-none-eabi/lib/thumb/v7-m/nofp/libc_nano.a(libc_a-nano-vfprintf.o)
 .rodata._printf_i.str1.1
                0x080079a4       0x22 /home/chartle1453/programs/stm32/plugins/com.st.stm32cube.ide.mcu.externaltools.gnu-tools-for-stm32.13.3.rel1.linux64_1.0.0.202410170706/tools/bin/../lib/gcc/arm-none-eabi/13.3.1/../../../../arm-none-eabi/lib/thumb/v7-m/nofp/libc_nano.a(libc_a-nano-vfprintf_i.o)
                0x080079e4                        . = ALIGN (0x4)

.rel.dyn        0x080079a4        0x0
 .rel.iplt      0x080079a4        0x0 /home/chartle1453/programs/stm32/plugins/com.st.stm32cube.ide.mcu.externaltools.gnu-tools-for-stm32.13.3.rel1.linux64_1.0.0.202410170706/tools/bin/../lib/gcc/arm-none-eabi/13.3.1/thumb/v7-m/nofp/crtbegin.o

.ARM.extab      0x080079a4        0x0
                0x080079a4                        . = ALIGN (0x4)
 *(.ARM.extab* .gnu.linkonce.armextab.*)
                0x080079a4                        . = ALIGN (0x4)

.ARM            0x080079a4        0x0
                0x080079a4                        . = ALIGN (0x4)
                0x080079a4                        __exidx_start = .
 *(.ARM.exidx*)
                0x080079a4                        __exidx_end = .
                0x080079a4                        . = ALIGN (0x4)

.preinit_array  0x080079a4        0x0
                0x080079a4                        . = ALIGN (0x4)
                0x080079a4                        PROVIDE (__preinit_array_start = .)
 *(.preinit_array*)
                0x080079a4                        PROVIDE (__preinit_array_end = .)
                0x080079a4                        . = ALIGN (0x4)

.init_array     0x080079a4        0x4
                0x080079a4                        . = ALIGN (0x4)
                0x080079a4                        PROVIDE (__init_array_start = .)
 *(SORT_BY_NAME(.init_array.*))
 *(.init_array*)
 .init_array    0x080079a4        0x4 /home/chartle1453/programs/stm32/plugins/com.st.stm32cube.ide.mcu.externaltools.gnu-tools-for-stm32.13.3.rel1.linux64_1.0.0.202410170706/tools/bin/../lib/gcc/arm-none-eabi/13.3.1/thumb/v7-m/nofp/crtbegin.o
                0x080079a8                        PROVIDE (__init_array_end = .)
                0x080079a8                        . = ALIGN (0x4)

.fini_array     0x080079a8        0x4
                0x080079a8                        . = ALIGN (0x4)
                [!provide]                        PROVIDE (__fini_array_start = .)
 *(SORT_BY_NAME(.fini_array.*))
 *(.fini_array*)
 .fini_array    0x080079a8        0x4 /home/chartle1453/programs/stm32/plugins/com.st.stm32cube.ide.mcu.externaltools.gnu-tools-for-stm32.13.3.rel1.linux64_1.0.0.202410170706/tools/bin/../lib/gcc/arm-none-eabi/13.3.1/thumb/v7-m/nofp/crtbegin.o
                [!provide]                        PROVIDE (__fini_array_end = .)
                0x080079ac                        . = ALIGN (0x4)
                0x080079ac                        _sidata = LOADADDR (.data)

.data           0x20000000      0x190 load address 0x080079ac
                0x20000000                        . = ALIGN (0x4)
                0x20000000                        _sdata = .
 *(.data)
 *(.data*)
 .data.Font_7x10
                0x20000000        0x8 ./Core/Src/fonts.o
                0x20000000                Font_7x10
 .data.Font_11x18
                0x20000008        0x8 ./Core/Src/fonts.o
                0x20000008                Font_11x18
 .data.Font_16x26
                0x20000010        0x8 ./Core/Src/fonts.o
                0x20000010                Font_16x26
 .data.enemyList
                0x20000018       0xc8 ./Core/Src/main.o
                0x20000018                enemyList
 .data.attackPattern
                0x200000e0       0x32 ./Core/Src/main.o
                0x200000e0                attackPattern
 *fill*         0x20000112        0x2 
 .data.playerObj
                0x20000114        0x6 ./Core/Src/main.o
                0x20000114                playerObj
 .data.enemiesAlive
                0x2000011a        0x1 ./Core/Src/main.o
                0x2000011a                enemiesAlive
 *fill*         0x2000011b        0x1 
 .data.playerBulletColour
                0x2000011c        0x2 ./Core/Src/main.o
                0x2000011c                playerBulletColour
 .data.EnemyBulletColour
                0x2000011e        0x2 ./Core/Src/main.o
                0x2000011e                EnemyBulletColour
 .data.deathAnimationTicks
                0x20000120        0x1 ./Core/Src/main.o
                0x20000120                deathAnimationTicks
 .data.tickSpeed
                0x20000121        0x1 ./Core/Src/main.o
                0x20000121                tickSpeed
 .data.threshold
                0x20000122        0x1 ./Core/Src/main.o
                0x20000122                threshold
 .data.movementTicks
                0x20000123        0x1 ./Core/Src/main.o
                0x20000123                movementTicks
 .data.ticksForAttack
                0x20000124        0x1 ./Core/Src/main.o
                0x20000124                ticksForAttack
 *fill*         0x20000125        0x3 
 .data.SystemCoreClock
                0x20000128        0x4 ./Core/Src/system_stm32f1xx.o
                0x20000128                SystemCoreClock
 .data.uwTickPrio
                0x2000012c        0x4 ./Drivers/STM32F1xx_HAL_Driver/Src/stm32f1xx_hal.o
                0x2000012c                uwTickPrio
 .data.uwTickFreq
                0x20000130        0x1 ./Drivers/STM32F1xx_HAL_Driver/Src/stm32f1xx_hal.o
                0x20000130                uwTickFreq
 *fill*         0x20000131        0x3 
 .data.__sglue  0x20000134        0xc /home/chartle1453/programs/stm32/plugins/com.st.stm32cube.ide.mcu.externaltools.gnu-tools-for-stm32.13.3.rel1.linux64_1.0.0.202410170706/tools/bin/../lib/gcc/arm-none-eabi/13.3.1/../../../../arm-none-eabi/lib/thumb/v7-m/nofp/libc_nano.a(libc_a-findfp.o)
                0x20000134                __sglue
 .data._impure_ptr
                0x20000140        0x4 /home/chartle1453/programs/stm32/plugins/com.st.stm32cube.ide.mcu.externaltools.gnu-tools-for-stm32.13.3.rel1.linux64_1.0.0.202410170706/tools/bin/../lib/gcc/arm-none-eabi/13.3.1/../../../../arm-none-eabi/lib/thumb/v7-m/nofp/libc_nano.a(libc_a-impure.o)
                0x20000140                _impure_ptr
 .data._impure_data
                0x20000144       0x4c /home/chartle1453/programs/stm32/plugins/com.st.stm32cube.ide.mcu.externaltools.gnu-tools-for-stm32.13.3.rel1.linux64_1.0.0.202410170706/tools/bin/../lib/gcc/arm-none-eabi/13.3.1/../../../../arm-none-eabi/lib/thumb/v7-m/nofp/libc_nano.a(libc_a-impure.o)
                0x20000144                _impure_data
 *(.RamFunc)
 *(.RamFunc*)
                0x20000190                        . = ALIGN (0x4)
                0x20000190                        _edata = .

.igot.plt       0x20000190        0x0 load address 0x08007b3c
 .igot.plt      0x20000190        0x0 /home/chartle1453/programs/stm32/plugins/com.st.stm32cube.ide.mcu.externaltools.gnu-tools-for-stm32.13.3.rel1.linux64_1.0.0.202410170706/tools/bin/../lib/gcc/arm-none-eabi/13.3.1/thumb/v7-m/nofp/crtbegin.o
                0x20000190                        . = ALIGN (0x4)

.bss            0x20000190      0x7e0 load address 0x08007b3c
                0x20000190                        _sbss = .
                0x20000190                        __bss_start__ = _sbss
 *(.bss)
 .bss           0x20000190       0x1c /home/chartle1453/programs/stm32/plugins/com.st.stm32cube.ide.mcu.externaltools.gnu-tools-for-stm32.13.3.rel1.linux64_1.0.0.202410170706/tools/bin/../lib/gcc/arm-none-eabi/13.3.1/thumb/v7-m/nofp/crtbegin.o
 *(.bss*)
 .bss.hspi2     0x200001ac       0x58 ./Core/Src/main.o
                0x200001ac                hspi2
 .bss.hdma_spi2_tx
                0x20000204       0x44 ./Core/Src/main.o
                0x20000204                hdma_spi2_tx
 .bss.hpcd_USB_FS
                0x20000248      0x2d8 ./Core/Src/main.o
                0x20000248                hpcd_USB_FS
 .bss.Bullets   0x20000520      0x200 ./Core/Src/main.o
                0x20000520                Bullets
 .bss.evilBullets
                0x20000720       0xfa ./Core/Src/main.o
                0x20000720                evilBullets
 .bss.gameState
                0x2000081a        0x1 ./Core/Src/main.o
                0x2000081a                gameState
 *fill*         0x2000081b        0x1 
 .bss.__sbrk_heap_end
                0x2000081c        0x4 ./Core/Src/sysmem.o
 .bss.uwTick    0x20000820        0x4 ./Drivers/STM32F1xx_HAL_Driver/Src/stm32f1xx_hal.o
                0x20000820                uwTick
 .bss.__malloc_sbrk_start
                0x20000824        0x4 /home/chartle1453/programs/stm32/plugins/com.st.stm32cube.ide.mcu.externaltools.gnu-tools-for-stm32.13.3.rel1.linux64_1.0.0.202410170706/tools/bin/../lib/gcc/arm-none-eabi/13.3.1/../../../../arm-none-eabi/lib/thumb/v7-m/nofp/libc_nano.a(libc_a-mallocr.o)
                0x20000824                __malloc_sbrk_start
 .bss.__malloc_free_list
                0x20000828        0x4 /home/chartle1453/programs/stm32/plugins/com.st.stm32cube.ide.mcu.externaltools.gnu-tools-for-stm32.13.3.rel1.linux64_1.0.0.202410170706/tools/bin/../lib/gcc/arm-none-eabi/13.3.1/../../../../arm-none-eabi/lib/thumb/v7-m/nofp/libc_nano.a(libc_a-mallocr.o)
                0x20000828                __malloc_free_list
 .bss.__sf      0x2000082c      0x138 /home/chartle1453/programs/stm32/plugins/com.st.stm32cube.ide.mcu.externaltools.gnu-tools-for-stm32.13.3.rel1.linux64_1.0.0.202410170706/tools/bin/../lib/gcc/arm-none-eabi/13.3.1/../../../../arm-none-eabi/lib/thumb/v7-m/nofp/libc_nano.a(libc_a-findfp.o)
                0x2000082c                __sf
 .bss.__stdio_exit_handler
                0x20000964        0x4 /home/chartle1453/programs/stm32/plugins/com.st.stm32cube.ide.mcu.externaltools.gnu-tools-for-stm32.13.3.rel1.linux64_1.0.0.202410170706/tools/bin/../lib/gcc/arm-none-eabi/13.3.1/../../../../arm-none-eabi/lib/thumb/v7-m/nofp/libc_nano.a(libc_a-findfp.o)
                0x20000964                __stdio_exit_handler
 .bss.errno     0x20000968        0x4 /home/chartle1453/programs/stm32/plugins/com.st.stm32cube.ide.mcu.externaltools.gnu-tools-for-stm32.13.3.rel1.linux64_1.0.0.202410170706/tools/bin/../lib/gcc/arm-none-eabi/13.3.1/../../../../arm-none-eabi/lib/thumb/v7-m/nofp/libc_nano.a(libc_a-reent.o)
                0x20000968                errno
 .bss.__lock___malloc_recursive_mutex
                0x2000096c        0x1 /home/chartle1453/programs/stm32/plugins/com.st.stm32cube.ide.mcu.externaltools.gnu-tools-for-stm32.13.3.rel1.linux64_1.0.0.202410170706/tools/bin/../lib/gcc/arm-none-eabi/13.3.1/../../../../arm-none-eabi/lib/thumb/v7-m/nofp/libc_nano.a(libc_a-lock.o)
                0x2000096c                __lock___malloc_recursive_mutex
 .bss.__lock___sfp_recursive_mutex
                0x2000096d        0x1 /home/chartle1453/programs/stm32/plugins/com.st.stm32cube.ide.mcu.externaltools.gnu-tools-for-stm32.13.3.rel1.linux64_1.0.0.202410170706/tools/bin/../lib/gcc/arm-none-eabi/13.3.1/../../../../arm-none-eabi/lib/thumb/v7-m/nofp/libc_nano.a(libc_a-lock.o)
                0x2000096d                __lock___sfp_recursive_mutex
 *(COMMON)
                0x20000970                        . = ALIGN (0x4)
 *fill*         0x2000096e        0x2 
                0x20000970                        _ebss = .
                0x20000970                        __bss_end__ = _ebss

._user_heap_stack
                0x20000970      0x600 load address 0x08007b3c
                0x20000970                        . = ALIGN (0x8)
                [!provide]                        PROVIDE (end = .)
                0x20000970                        PROVIDE (_end = .)
                0x20000b70                        . = (. + _Min_Heap_Size)
 *fill*         0x20000970      0x200 
                0x20000f70                        . = (. + _Min_Stack_Size)
 *fill*         0x20000b70      0x400 
                0x20000f70                        . = ALIGN (0x8)

/DISCARD/
 libc.a(*)
 libm.a(*)
 libgcc.a(*)

.ARM.attributes
                0x00000000       0x29
 *(.ARM.attributes)
 .ARM.attributes
                0x00000000       0x1d /home/chartle1453/programs/stm32/plugins/com.st.stm32cube.ide.mcu.externaltools.gnu-tools-for-stm32.13.3.rel1.linux64_1.0.0.202410170706/tools/bin/../lib/gcc/arm-none-eabi/13.3.1/thumb/v7-m/nofp/crti.o
 .ARM.attributes
                0x0000001d       0x2d /home/chartle1453/programs/stm32/plugins/com.st.stm32cube.ide.mcu.externaltools.gnu-tools-for-stm32.13.3.rel1.linux64_1.0.0.202410170706/tools/bin/../lib/gcc/arm-none-eabi/13.3.1/thumb/v7-m/nofp/crtbegin.o
 .ARM.attributes
                0x0000004a       0x2d ./Core/Src/fonts.o
 .ARM.attributes
                0x00000077       0x2d ./Core/Src/main.o
 .ARM.attributes
                0x000000a4       0x2d ./Core/Src/sprites.o
 .ARM.attributes
                0x000000d1       0x2d ./Core/Src/st7735.o
 .ARM.attributes
                0x000000fe       0x2d ./Core/Src/stm32f1xx_hal_msp.o
 .ARM.attributes
                0x0000012b       0x2d ./Core/Src/stm32f1xx_it.o
 .ARM.attributes
                0x00000158       0x2d ./Core/Src/syscalls.o
 .ARM.attributes
                0x00000185       0x2d ./Core/Src/sysmem.o
 .ARM.attributes
                0x000001b2       0x2d ./Core/Src/system_stm32f1xx.o
 .ARM.attributes
                0x000001df       0x21 ./Core/Startup/startup_stm32f103c8tx.o
 .ARM.attributes
                0x00000200       0x2d ./Drivers/STM32F1xx_HAL_Driver/Src/stm32f1xx_hal.o
 .ARM.attributes
                0x0000022d       0x2d ./Drivers/STM32F1xx_HAL_Driver/Src/stm32f1xx_hal_cortex.o
 .ARM.attributes
                0x0000025a       0x2d ./Drivers/STM32F1xx_HAL_Driver/Src/stm32f1xx_hal_dma.o
 .ARM.attributes
                0x00000287       0x2d ./Drivers/STM32F1xx_HAL_Driver/Src/stm32f1xx_hal_gpio.o
 .ARM.attributes
                0x000002b4       0x2d ./Drivers/STM32F1xx_HAL_Driver/Src/stm32f1xx_hal_pcd.o
 .ARM.attributes
                0x000002e1       0x2d ./Drivers/STM32F1xx_HAL_Driver/Src/stm32f1xx_hal_rcc.o
 .ARM.attributes
                0x0000030e       0x2d ./Drivers/STM32F1xx_HAL_Driver/Src/stm32f1xx_hal_rcc_ex.o
 .ARM.attributes
                0x0000033b       0x2d ./Drivers/STM32F1xx_HAL_Driver/Src/stm32f1xx_hal_spi.o
 .ARM.attributes
                0x00000368       0x2d ./Drivers/STM32F1xx_HAL_Driver/Src/stm32f1xx_ll_usb.o
 .ARM.attributes
                0x00000395       0x2d /home/chartle1453/programs/stm32/plugins/com.st.stm32cube.ide.mcu.externaltools.gnu-tools-for-stm32.13.3.rel1.linux64_1.0.0.202410170706/tools/bin/../lib/gcc/arm-none-eabi/13.3.1/../../../../arm-none-eabi/lib/thumb/v7-m/nofp/libc_nano.a(libc_a-malloc.o)
 .ARM.attributes
                0x000003c2       0x2d /home/chartle1453/programs/stm32/plugins/com.st.stm32cube.ide.mcu.externaltools.gnu-tools-for-stm32.13.3.rel1.linux64_1.0.0.202410170706/tools/bin/../lib/gcc/arm-none-eabi/13.3.1/../../../../arm-none-eabi/lib/thumb/v7-m/nofp/libc_nano.a(libc_a-mallocr.o)
 .ARM.attributes
                0x000003ef       0x2d /home/chartle1453/programs/stm32/plugins/com.st.stm32cube.ide.mcu.externaltools.gnu-tools-for-stm32.13.3.rel1.linux64_1.0.0.202410170706/tools/bin/../lib/gcc/arm-none-eabi/13.3.1/../../../../arm-none-eabi/lib/thumb/v7-m/nofp/libc_nano.a(libc_a-mlock.o)
 .ARM.attributes
                0x0000041c       0x2d /home/chartle1453/programs/stm32/plugins/com.st.stm32cube.ide.mcu.externaltools.gnu-tools-for-stm32.13.3.rel1.linux64_1.0.0.202410170706/tools/bin/../lib/gcc/arm-none-eabi/13.3.1/../../../../arm-none-eabi/lib/thumb/v7-m/nofp/libc_nano.a(libc_a-rand.o)
 .ARM.attributes
                0x00000449       0x2d /home/chartle1453/programs/stm32/plugins/com.st.stm32cube.ide.mcu.externaltools.gnu-tools-for-stm32.13.3.rel1.linux64_1.0.0.202410170706/tools/bin/../lib/gcc/arm-none-eabi/13.3.1/../../../../arm-none-eabi/lib/thumb/v7-m/nofp/libc_nano.a(libc_a-findfp.o)
 .ARM.attributes
                0x00000476       0x2d /home/chartle1453/programs/stm32/plugins/com.st.stm32cube.ide.mcu.externaltools.gnu-tools-for-stm32.13.3.rel1.linux64_1.0.0.202410170706/tools/bin/../lib/gcc/arm-none-eabi/13.3.1/../../../../arm-none-eabi/lib/thumb/v7-m/nofp/libc_nano.a(libc_a-fwalk.o)
 .ARM.attributes
                0x000004a3       0x2d /home/chartle1453/programs/stm32/plugins/com.st.stm32cube.ide.mcu.externaltools.gnu-tools-for-stm32.13.3.rel1.linux64_1.0.0.202410170706/tools/bin/../lib/gcc/arm-none-eabi/13.3.1/../../../../arm-none-eabi/lib/thumb/v7-m/nofp/libc_nano.a(libc_a-stdio.o)
 .ARM.attributes
                0x000004d0       0x2d /home/chartle1453/programs/stm32/plugins/com.st.stm32cube.ide.mcu.externaltools.gnu-tools-for-stm32.13.3.rel1.linux64_1.0.0.202410170706/tools/bin/../lib/gcc/arm-none-eabi/13.3.1/../../../../arm-none-eabi/lib/thumb/v7-m/nofp/libc_nano.a(libc_a-memset.o)
 .ARM.attributes
                0x000004fd       0x2d /home/chartle1453/programs/stm32/plugins/com.st.stm32cube.ide.mcu.externaltools.gnu-tools-for-stm32.13.3.rel1.linux64_1.0.0.202410170706/tools/bin/../lib/gcc/arm-none-eabi/13.3.1/../../../../arm-none-eabi/lib/thumb/v7-m/nofp/libc_nano.a(libc_a-closer.o)
 .ARM.attributes
                0x0000052a       0x2d /home/chartle1453/programs/stm32/plugins/com.st.stm32cube.ide.mcu.externaltools.gnu-tools-for-stm32.13.3.rel1.linux64_1.0.0.202410170706/tools/bin/../lib/gcc/arm-none-eabi/13.3.1/../../../../arm-none-eabi/lib/thumb/v7-m/nofp/libc_nano.a(libc_a-reent.o)
 .ARM.attributes
                0x00000557       0x2d /home/chartle1453/programs/stm32/plugins/com.st.stm32cube.ide.mcu.externaltools.gnu-tools-for-stm32.13.3.rel1.linux64_1.0.0.202410170706/tools/bin/../lib/gcc/arm-none-eabi/13.3.1/../../../../arm-none-eabi/lib/thumb/v7-m/nofp/libc_nano.a(libc_a-impure.o)
 .ARM.attributes
                0x00000584       0x2d /home/chartle1453/programs/stm32/plugins/com.st.stm32cube.ide.mcu.externaltools.gnu-tools-for-stm32.13.3.rel1.linux64_1.0.0.202410170706/tools/bin/../lib/gcc/arm-none-eabi/13.3.1/../../../../arm-none-eabi/lib/thumb/v7-m/nofp/libc_nano.a(libc_a-lseekr.o)
 .ARM.attributes
                0x000005b1       0x2d /home/chartle1453/programs/stm32/plugins/com.st.stm32cube.ide.mcu.externaltools.gnu-tools-for-stm32.13.3.rel1.linux64_1.0.0.202410170706/tools/bin/../lib/gcc/arm-none-eabi/13.3.1/../../../../arm-none-eabi/lib/thumb/v7-m/nofp/libc_nano.a(libc_a-readr.o)
 .ARM.attributes
                0x000005de       0x2d /home/chartle1453/programs/stm32/plugins/com.st.stm32cube.ide.mcu.externaltools.gnu-tools-for-stm32.13.3.rel1.linux64_1.0.0.202410170706/tools/bin/../lib/gcc/arm-none-eabi/13.3.1/../../../../arm-none-eabi/lib/thumb/v7-m/nofp/libc_nano.a(libc_a-sbrkr.o)
 .ARM.attributes
                0x0000060b       0x2d /home/chartle1453/programs/stm32/plugins/com.st.stm32cube.ide.mcu.externaltools.gnu-tools-for-stm32.13.3.rel1.linux64_1.0.0.202410170706/tools/bin/../lib/gcc/arm-none-eabi/13.3.1/../../../../arm-none-eabi/lib/thumb/v7-m/nofp/libc_nano.a(libc_a-writer.o)
 .ARM.attributes
                0x00000638       0x2d /home/chartle1453/programs/stm32/plugins/com.st.stm32cube.ide.mcu.externaltools.gnu-tools-for-stm32.13.3.rel1.linux64_1.0.0.202410170706/tools/bin/../lib/gcc/arm-none-eabi/13.3.1/../../../../arm-none-eabi/lib/thumb/v7-m/nofp/libc_nano.a(libc_a-errno.o)
 .ARM.attributes
                0x00000665       0x2d /home/chartle1453/programs/stm32/plugins/com.st.stm32cube.ide.mcu.externaltools.gnu-tools-for-stm32.13.3.rel1.linux64_1.0.0.202410170706/tools/bin/../lib/gcc/arm-none-eabi/13.3.1/../../../../arm-none-eabi/lib/thumb/v7-m/nofp/libc_nano.a(libc_a-init.o)
 .ARM.attributes
                0x00000692       0x2d /home/chartle1453/programs/stm32/plugins/com.st.stm32cube.ide.mcu.externaltools.gnu-tools-for-stm32.13.3.rel1.linux64_1.0.0.202410170706/tools/bin/../lib/gcc/arm-none-eabi/13.3.1/../../../../arm-none-eabi/lib/thumb/v7-m/nofp/libc_nano.a(libc_a-lock.o)
 .ARM.attributes
                0x000006bf       0x2d /home/chartle1453/programs/stm32/plugins/com.st.stm32cube.ide.mcu.externaltools.gnu-tools-for-stm32.13.3.rel1.linux64_1.0.0.202410170706/tools/bin/../lib/gcc/arm-none-eabi/13.3.1/../../../../arm-none-eabi/lib/thumb/v7-m/nofp/libc_nano.a(libc_a-assert.o)
 .ARM.attributes
                0x000006ec       0x2d /home/chartle1453/programs/stm32/plugins/com.st.stm32cube.ide.mcu.externaltools.gnu-tools-for-stm32.13.3.rel1.linux64_1.0.0.202410170706/tools/bin/../lib/gcc/arm-none-eabi/13.3.1/../../../../arm-none-eabi/lib/thumb/v7-m/nofp/libc_nano.a(libc_a-freer.o)
 .ARM.attributes
                0x00000719       0x2d /home/chartle1453/programs/stm32/plugins/com.st.stm32cube.ide.mcu.externaltools.gnu-tools-for-stm32.13.3.rel1.linux64_1.0.0.202410170706/tools/bin/../lib/gcc/arm-none-eabi/13.3.1/../../../../arm-none-eabi/lib/thumb/v7-m/nofp/libc_nano.a(libc_a-fflush.o)
 .ARM.attributes
                0x00000746       0x2d /home/chartle1453/programs/stm32/plugins/com.st.stm32cube.ide.mcu.externaltools.gnu-tools-for-stm32.13.3.rel1.linux64_1.0.0.202410170706/tools/bin/../lib/gcc/arm-none-eabi/13.3.1/../../../../arm-none-eabi/lib/thumb/v7-m/nofp/libc_nano.a(libc_a-fprintf.o)
 .ARM.attributes
                0x00000773       0x2d /home/chartle1453/programs/stm32/plugins/com.st.stm32cube.ide.mcu.externaltools.gnu-tools-for-stm32.13.3.rel1.linux64_1.0.0.202410170706/tools/bin/../lib/gcc/arm-none-eabi/13.3.1/../../../../arm-none-eabi/lib/thumb/v7-m/nofp/libc_nano.a(libc_a-abort.o)
 .ARM.attributes
                0x000007a0       0x2d /home/chartle1453/programs/stm32/plugins/com.st.stm32cube.ide.mcu.externaltools.gnu-tools-for-stm32.13.3.rel1.linux64_1.0.0.202410170706/tools/bin/../lib/gcc/arm-none-eabi/13.3.1/../../../../arm-none-eabi/lib/thumb/v7-m/nofp/libc_nano.a(libc_a-nano-vfprintf.o)
 .ARM.attributes
                0x000007cd       0x2d /home/chartle1453/programs/stm32/plugins/com.st.stm32cube.ide.mcu.externaltools.gnu-tools-for-stm32.13.3.rel1.linux64_1.0.0.202410170706/tools/bin/../lib/gcc/arm-none-eabi/13.3.1/../../../../arm-none-eabi/lib/thumb/v7-m/nofp/libc_nano.a(libc_a-nano-vfprintf_i.o)
 .ARM.attributes
                0x000007fa       0x2d /home/chartle1453/programs/stm32/plugins/com.st.stm32cube.ide.mcu.externaltools.gnu-tools-for-stm32.13.3.rel1.linux64_1.0.0.202410170706/tools/bin/../lib/gcc/arm-none-eabi/13.3.1/../../../../arm-none-eabi/lib/thumb/v7-m/nofp/libc_nano.a(libc_a-wbuf.o)
 .ARM.attributes
                0x00000827       0x2d /home/chartle1453/programs/stm32/plugins/com.st.stm32cube.ide.mcu.externaltools.gnu-tools-for-stm32.13.3.rel1.linux64_1.0.0.202410170706/tools/bin/../lib/gcc/arm-none-eabi/13.3.1/../../../../arm-none-eabi/lib/thumb/v7-m/nofp/libc_nano.a(libc_a-wsetup.o)
 .ARM.attributes
                0x00000854       0x2d /home/chartle1453/programs/stm32/plugins/com.st.stm32cube.ide.mcu.externaltools.gnu-tools-for-stm32.13.3.rel1.linux64_1.0.0.202410170706/tools/bin/../lib/gcc/arm-none-eabi/13.3.1/../../../../arm-none-eabi/lib/thumb/v7-m/nofp/libc_nano.a(libc_a-signal.o)
 .ARM.attributes
                0x00000881       0x2d /home/chartle1453/programs/stm32/plugins/com.st.stm32cube.ide.mcu.externaltools.gnu-tools-for-stm32.13.3.rel1.linux64_1.0.0.202410170706/tools/bin/../lib/gcc/arm-none-eabi/13.3.1/../../../../arm-none-eabi/lib/thumb/v7-m/nofp/libc_nano.a(libc_a-signalr.o)
 .ARM.attributes
                0x000008ae       0x2d /home/chartle1453/programs/stm32/plugins/com.st.stm32cube.ide.mcu.externaltools.gnu-tools-for-stm32.13.3.rel1.linux64_1.0.0.202410170706/tools/bin/../lib/gcc/arm-none-eabi/13.3.1/../../../../arm-none-eabi/lib/thumb/v7-m/nofp/libc_nano.a(libc_a-memchr-stub.o)
 .ARM.attributes
                0x000008db       0x2d /home/chartle1453/programs/stm32/plugins/com.st.stm32cube.ide.mcu.externaltools.gnu-tools-for-stm32.13.3.rel1.linux64_1.0.0.202410170706/tools/bin/../lib/gcc/arm-none-eabi/13.3.1/../../../../arm-none-eabi/lib/thumb/v7-m/nofp/libc_nano.a(libc_a-makebuf.o)
 .ARM.attributes
                0x00000908       0x2d /home/chartle1453/programs/stm32/plugins/com.st.stm32cube.ide.mcu.externaltools.gnu-tools-for-stm32.13.3.rel1.linux64_1.0.0.202410170706/tools/bin/../lib/gcc/arm-none-eabi/13.3.1/../../../../arm-none-eabi/lib/thumb/v7-m/nofp/libc_nano.a(libc_a-fstatr.o)
 .ARM.attributes
                0x00000935       0x2d /home/chartle1453/programs/stm32/plugins/com.st.stm32cube.ide.mcu.externaltools.gnu-tools-for-stm32.13.3.rel1.linux64_1.0.0.202410170706/tools/bin/../lib/gcc/arm-none-eabi/13.3.1/../../../../arm-none-eabi/lib/thumb/v7-m/nofp/libc_nano.a(libc_a-isattyr.o)
 .ARM.attributes
                0x00000962       0x1d /home/chartle1453/programs/stm32/plugins/com.st.stm32cube.ide.mcu.externaltools.gnu-tools-for-stm32.13.3.rel1.linux64_1.0.0.202410170706/tools/bin/../lib/gcc/arm-none-eabi/13.3.1/thumb/v7-m/nofp/crtn.o
OUTPUT(4am.elf elf32-littlearm)
LOAD linker stubs
LOAD /home/chartle1453/programs/stm32/plugins/com.st.stm32cube.ide.mcu.externaltools.gnu-tools-for-stm32.13.3.rel1.linux64_1.0.0.202410170706/tools/bin/../lib/gcc/arm-none-eabi/13.3.1/../../../../arm-none-eabi/lib/thumb/v7-m/nofp/libc.a
LOAD /home/chartle1453/programs/stm32/plugins/com.st.stm32cube.ide.mcu.externaltools.gnu-tools-for-stm32.13.3.rel1.linux64_1.0.0.202410170706/tools/bin/../lib/gcc/arm-none-eabi/13.3.1/../../../../arm-none-eabi/lib/thumb/v7-m/nofp/libm.a
LOAD /home/chartle1453/programs/stm32/plugins/com.st.stm32cube.ide.mcu.externaltools.gnu-tools-for-stm32.13.3.rel1.linux64_1.0.0.202410170706/tools/bin/../lib/gcc/arm-none-eabi/13.3.1/thumb/v7-m/nofp/libgcc.a

.debug_info     0x00000000     0xb417
 .debug_info    0x00000000      0x19a ./Core/Src/fonts.o
 .debug_info    0x0000019a     0x1be2 ./Core/Src/main.o
 .debug_info    0x00001d7c      0x1f9 ./Core/Src/sprites.o
 .debug_info    0x00001f75      0xd4c ./Core/Src/st7735.o
 .debug_info    0x00002cc1      0xd47 ./Core/Src/stm32f1xx_hal_msp.o
 .debug_info    0x00003a08      0x35e ./Core/Src/stm32f1xx_it.o
 .debug_info    0x00003d66      0x6a3 ./Core/Src/syscalls.o
 .debug_info    0x00004409      0x168 ./Core/Src/sysmem.o
 .debug_info    0x00004571      0x222 ./Core/Src/system_stm32f1xx.o
 .debug_info    0x00004793       0x30 ./Core/Startup/startup_stm32f103c8tx.o
 .debug_info    0x000047c3      0x704 ./Drivers/STM32F1xx_HAL_Driver/Src/stm32f1xx_hal.o
 .debug_info    0x00004ec7      0xa87 ./Drivers/STM32F1xx_HAL_Driver/Src/stm32f1xx_hal_cortex.o
 .debug_info    0x0000594e      0x6d2 ./Drivers/STM32F1xx_HAL_Driver/Src/stm32f1xx_hal_dma.o
 .debug_info    0x00006020      0x5ab ./Drivers/STM32F1xx_HAL_Driver/Src/stm32f1xx_hal_gpio.o
 .debug_info    0x000065cb     0x16dc ./Drivers/STM32F1xx_HAL_Driver/Src/stm32f1xx_hal_pcd.o
 .debug_info    0x00007ca7      0x7d5 ./Drivers/STM32F1xx_HAL_Driver/Src/stm32f1xx_hal_rcc.o
 .debug_info    0x0000847c      0x3c0 ./Drivers/STM32F1xx_HAL_Driver/Src/stm32f1xx_hal_rcc_ex.o
 .debug_info    0x0000883c     0x142d ./Drivers/STM32F1xx_HAL_Driver/Src/stm32f1xx_hal_spi.o
 .debug_info    0x00009c69     0x17ae ./Drivers/STM32F1xx_HAL_Driver/Src/stm32f1xx_ll_usb.o

.debug_abbrev   0x00000000     0x2404
 .debug_abbrev  0x00000000       0xb3 ./Core/Src/fonts.o
 .debug_abbrev  0x000000b3      0x42c ./Core/Src/main.o
 .debug_abbrev  0x000004df       0xb1 ./Core/Src/sprites.o
 .debug_abbrev  0x00000590      0x2d2 ./Core/Src/st7735.o
 .debug_abbrev  0x00000862      0x228 ./Core/Src/stm32f1xx_hal_msp.o
 .debug_abbrev  0x00000a8a      0x16e ./Core/Src/stm32f1xx_it.o
 .debug_abbrev  0x00000bf8      0x1b6 ./Core/Src/syscalls.o
 .debug_abbrev  0x00000dae       0xbc ./Core/Src/sysmem.o
 .debug_abbrev  0x00000e6a      0x13f ./Core/Src/system_stm32f1xx.o
 .debug_abbrev  0x00000fa9       0x24 ./Core/Startup/startup_stm32f103c8tx.o
 .debug_abbrev  0x00000fcd      0x201 ./Drivers/STM32F1xx_HAL_Driver/Src/stm32f1xx_hal.o
 .debug_abbrev  0x000011ce      0x2f8 ./Drivers/STM32F1xx_HAL_Driver/Src/stm32f1xx_hal_cortex.o
 .debug_abbrev  0x000014c6      0x20b ./Drivers/STM32F1xx_HAL_Driver/Src/stm32f1xx_hal_dma.o
 .debug_abbrev  0x000016d1      0x1ca ./Drivers/STM32F1xx_HAL_Driver/Src/stm32f1xx_hal_gpio.o
 .debug_abbrev  0x0000189b      0x2d6 ./Drivers/STM32F1xx_HAL_Driver/Src/stm32f1xx_hal_pcd.o
 .debug_abbrev  0x00001b71      0x2b3 ./Drivers/STM32F1xx_HAL_Driver/Src/stm32f1xx_hal_rcc.o
 .debug_abbrev  0x00001e24      0x188 ./Drivers/STM32F1xx_HAL_Driver/Src/stm32f1xx_hal_rcc_ex.o
 .debug_abbrev  0x00001fac      0x27a ./Drivers/STM32F1xx_HAL_Driver/Src/stm32f1xx_hal_spi.o
 .debug_abbrev  0x00002226      0x1de ./Drivers/STM32F1xx_HAL_Driver/Src/stm32f1xx_ll_usb.o

.debug_aranges  0x00000000      0xb28
 .debug_aranges
                0x00000000       0x18 ./Core/Src/fonts.o
 .debug_aranges
                0x00000018      0x108 ./Core/Src/main.o
 .debug_aranges
                0x00000120       0x18 ./Core/Src/sprites.o
 .debug_aranges
                0x00000138       0xb0 ./Core/Src/st7735.o
 .debug_aranges
                0x000001e8       0x40 ./Core/Src/stm32f1xx_hal_msp.o
 .debug_aranges
                0x00000228       0x68 ./Core/Src/stm32f1xx_it.o
 .debug_aranges
                0x00000290       0xa8 ./Core/Src/syscalls.o
 .debug_aranges
                0x00000338       0x20 ./Core/Src/sysmem.o
 .debug_aranges
                0x00000358       0x28 ./Core/Src/system_stm32f1xx.o
 .debug_aranges
                0x00000380       0x28 ./Core/Startup/startup_stm32f103c8tx.o
 .debug_aranges
                0x000003a8       0xe0 ./Drivers/STM32F1xx_HAL_Driver/Src/stm32f1xx_hal.o
 .debug_aranges
                0x00000488      0x100 ./Drivers/STM32F1xx_HAL_Driver/Src/stm32f1xx_hal_cortex.o
 .debug_aranges
                0x00000588       0x80 ./Drivers/STM32F1xx_HAL_Driver/Src/stm32f1xx_hal_dma.o
 .debug_aranges
                0x00000608       0x58 ./Drivers/STM32F1xx_HAL_Driver/Src/stm32f1xx_hal_gpio.o
 .debug_aranges
                0x00000660      0x140 ./Drivers/STM32F1xx_HAL_Driver/Src/stm32f1xx_hal_pcd.o
 .debug_aranges
                0x000007a0       0x90 ./Drivers/STM32F1xx_HAL_Driver/Src/stm32f1xx_hal_rcc.o
 .debug_aranges
                0x00000830       0x30 ./Drivers/STM32F1xx_HAL_Driver/Src/stm32f1xx_hal_rcc_ex.o
 .debug_aranges
                0x00000860      0x1d0 ./Drivers/STM32F1xx_HAL_Driver/Src/stm32f1xx_hal_spi.o
 .debug_aranges
                0x00000a30       0xf8 ./Drivers/STM32F1xx_HAL_Driver/Src/stm32f1xx_ll_usb.o

.debug_macro    0x00000000    0x17b8a
 .debug_macro   0x00000000       0x6d ./Core/Src/fonts.o
 .debug_macro   0x0000006d      0x2bf ./Core/Src/main.o
 .debug_macro   0x0000032c      0x221 ./Core/Src/main.o
 .debug_macro   0x0000054d       0x2e ./Core/Src/main.o
 .debug_macro   0x0000057b       0x22 ./Core/Src/main.o
 .debug_macro   0x0000059d       0x1c ./Core/Src/main.o
 .debug_macro   0x000005b9       0x22 ./Core/Src/main.o
 .debug_macro   0x000005db       0xbd ./Core/Src/main.o
 .debug_macro   0x00000698      0xd23 ./Core/Src/main.o
 .debug_macro   0x000013bb     0xe09e ./Core/Src/main.o
 .debug_macro   0x0000f459       0x6d ./Core/Src/main.o
 .debug_macro   0x0000f4c6     0x34a2 ./Core/Src/main.o
 .debug_macro   0x00012968      0x190 ./Core/Src/main.o
 .debug_macro   0x00012af8       0x5c ./Core/Src/main.o
 .debug_macro   0x00012b54      0x5bc ./Core/Src/main.o
 .debug_macro   0x00013110      0x289 ./Core/Src/main.o
 .debug_macro   0x00013399      0x1cb ./Core/Src/main.o
 .debug_macro   0x00013564      0x114 ./Core/Src/main.o
 .debug_macro   0x00013678      0x1b2 ./Core/Src/main.o
 .debug_macro   0x0001382a       0x27 ./Core/Src/main.o
 .debug_macro   0x00013851      0x136 ./Core/Src/main.o
 .debug_macro   0x00013987      0x1bc ./Core/Src/main.o
 .debug_macro   0x00013b43       0x34 ./Core/Src/main.o
 .debug_macro   0x00013b77       0x3c ./Core/Src/main.o
 .debug_macro   0x00013bb3       0x57 ./Core/Src/main.o
 .debug_macro   0x00013c0a       0x87 ./Core/Src/main.o
 .debug_macro   0x00013c91      0x240 ./Core/Src/main.o
 .debug_macro   0x00013ed1      0x140 ./Core/Src/main.o
 .debug_macro   0x00014011      0x217 ./Core/Src/main.o
 .debug_macro   0x00014228       0xb7 ./Core/Src/main.o
 .debug_macro   0x000142df      0x242 ./Core/Src/main.o
 .debug_macro   0x00014521       0x83 ./Core/Src/main.o
 .debug_macro   0x000145a4       0x64 ./Core/Src/main.o
 .debug_macro   0x00014608       0x22 ./Core/Src/main.o
 .debug_macro   0x0001462a      0x1c5 ./Core/Src/main.o
 .debug_macro   0x000147ef       0x24 ./Core/Src/main.o
 .debug_macro   0x00014813       0x61 ./Core/Src/main.o
 .debug_macro   0x00014874       0x43 ./Core/Src/main.o
 .debug_macro   0x000148b7       0x34 ./Core/Src/main.o
 .debug_macro   0x000148eb       0x16 ./Core/Src/main.o
 .debug_macro   0x00014901       0x3c ./Core/Src/main.o
 .debug_macro   0x0001493d      0x370 ./Core/Src/main.o
 .debug_macro   0x00014cad       0x16 ./Core/Src/main.o
 .debug_macro   0x00014cc3       0x4a ./Core/Src/main.o
 .debug_macro   0x00014d0d       0x34 ./Core/Src/main.o
 .debug_macro   0x00014d41       0x10 ./Core/Src/main.o
 .debug_macro   0x00014d51       0x58 ./Core/Src/main.o
 .debug_macro   0x00014da9       0x8e ./Core/Src/main.o
 .debug_macro   0x00014e37       0x1c ./Core/Src/main.o
 .debug_macro   0x00014e53      0x185 ./Core/Src/main.o
 .debug_macro   0x00014fd8       0x16 ./Core/Src/main.o
 .debug_macro   0x00014fee       0x29 ./Core/Src/main.o
 .debug_macro   0x00015017      0x1dd ./Core/Src/sprites.o
 .debug_macro   0x000151f4      0x2d4 ./Core/Src/st7735.o
 .debug_macro   0x000154c8       0x3c ./Core/Src/st7735.o
 .debug_macro   0x00015504       0x16 ./Core/Src/st7735.o
 .debug_macro   0x0001551a       0x20 ./Core/Src/st7735.o
 .debug_macro   0x0001553a      0x1c1 ./Core/Src/stm32f1xx_hal_msp.o
 .debug_macro   0x000156fb      0x1cb ./Core/Src/stm32f1xx_it.o
 .debug_macro   0x000158c6      0x274 ./Core/Src/syscalls.o
 .debug_macro   0x00015b3a       0x5b ./Core/Src/syscalls.o
 .debug_macro   0x00015b95       0x94 ./Core/Src/syscalls.o
 .debug_macro   0x00015c29       0x57 ./Core/Src/syscalls.o
 .debug_macro   0x00015c80       0x10 ./Core/Src/syscalls.o
 .debug_macro   0x00015c90       0x10 ./Core/Src/syscalls.o
 .debug_macro   0x00015ca0       0x10 ./Core/Src/syscalls.o
 .debug_macro   0x00015cb0       0x10 ./Core/Src/syscalls.o
 .debug_macro   0x00015cc0       0x1c ./Core/Src/syscalls.o
 .debug_macro   0x00015cdc       0x52 ./Core/Src/syscalls.o
 .debug_macro   0x00015d2e       0x22 ./Core/Src/syscalls.o
 .debug_macro   0x00015d50       0x10 ./Core/Src/syscalls.o
 .debug_macro   0x00015d60       0x52 ./Core/Src/syscalls.o
 .debug_macro   0x00015db2       0xcf ./Core/Src/syscalls.o
 .debug_macro   0x00015e81       0x1c ./Core/Src/syscalls.o
 .debug_macro   0x00015e9d       0x3d ./Core/Src/syscalls.o
 .debug_macro   0x00015eda       0x35 ./Core/Src/syscalls.o
 .debug_macro   0x00015f0f      0x12c ./Core/Src/syscalls.o
 .debug_macro   0x0001603b       0x10 ./Core/Src/syscalls.o
 .debug_macro   0x0001604b      0x242 ./Core/Src/syscalls.o
 .debug_macro   0x0001628d       0x1c ./Core/Src/syscalls.o
 .debug_macro   0x000162a9       0x10 ./Core/Src/syscalls.o
 .debug_macro   0x000162b9       0x10 ./Core/Src/syscalls.o
 .debug_macro   0x000162c9       0x16 ./Core/Src/syscalls.o
 .debug_macro   0x000162df      0x146 ./Core/Src/syscalls.o
 .debug_macro   0x00016425      0x18a ./Core/Src/syscalls.o
 .debug_macro   0x000165af       0x16 ./Core/Src/syscalls.o
 .debug_macro   0x000165c5       0xce ./Core/Src/syscalls.o
 .debug_macro   0x00016693      0x112 ./Core/Src/sysmem.o
 .debug_macro   0x000167a5      0x23c ./Core/Src/sysmem.o
 .debug_macro   0x000169e1      0x1b2 ./Core/Src/system_stm32f1xx.o
 .debug_macro   0x00016b93      0x1d6 ./Drivers/STM32F1xx_HAL_Driver/Src/stm32f1xx_hal.o
 .debug_macro   0x00016d69      0x1b2 ./Drivers/STM32F1xx_HAL_Driver/Src/stm32f1xx_hal_cortex.o
 .debug_macro   0x00016f1b      0x1b2 ./Drivers/STM32F1xx_HAL_Driver/Src/stm32f1xx_hal_dma.o
 .debug_macro   0x000170cd      0x21d ./Drivers/STM32F1xx_HAL_Driver/Src/stm32f1xx_hal_gpio.o
 .debug_macro   0x000172ea      0x1be ./Drivers/STM32F1xx_HAL_Driver/Src/stm32f1xx_hal_pcd.o
 .debug_macro   0x000174a8      0x1c4 ./Drivers/STM32F1xx_HAL_Driver/Src/stm32f1xx_hal_rcc.o
 .debug_macro   0x0001766c      0x1b2 ./Drivers/STM32F1xx_HAL_Driver/Src/stm32f1xx_hal_rcc_ex.o
 .debug_macro   0x0001781e      0x1ba ./Drivers/STM32F1xx_HAL_Driver/Src/stm32f1xx_hal_spi.o
 .debug_macro   0x000179d8      0x1b2 ./Drivers/STM32F1xx_HAL_Driver/Src/stm32f1xx_ll_usb.o

.debug_line     0x00000000     0xcaa5
 .debug_line    0x00000000      0x357 ./Core/Src/fonts.o
 .debug_line    0x00000357     0x1220 ./Core/Src/main.o
 .debug_line    0x00001577      0x655 ./Core/Src/sprites.o
 .debug_line    0x00001bcc      0xc99 ./Core/Src/st7735.o
 .debug_line    0x00002865      0x714 ./Core/Src/stm32f1xx_hal_msp.o
 .debug_line    0x00002f79      0x731 ./Core/Src/stm32f1xx_it.o
 .debug_line    0x000036aa      0x7fa ./Core/Src/syscalls.o
 .debug_line    0x00003ea4      0x4d6 ./Core/Src/sysmem.o
 .debug_line    0x0000437a      0x6e9 ./Core/Src/system_stm32f1xx.o
 .debug_line    0x00004a63       0x78 ./Core/Startup/startup_stm32f103c8tx.o
 .debug_line    0x00004adb      0x91a ./Drivers/STM32F1xx_HAL_Driver/Src/stm32f1xx_hal.o
 .debug_line    0x000053f5      0xae4 ./Drivers/STM32F1xx_HAL_Driver/Src/stm32f1xx_hal_cortex.o
 .debug_line    0x00005ed9      0xd24 ./Drivers/STM32F1xx_HAL_Driver/Src/stm32f1xx_hal_dma.o
 .debug_line    0x00006bfd      0x977 ./Drivers/STM32F1xx_HAL_Driver/Src/stm32f1xx_hal_gpio.o
 .debug_line    0x00007574     0x129f ./Drivers/STM32F1xx_HAL_Driver/Src/stm32f1xx_hal_pcd.o
 .debug_line    0x00008813      0xdd3 ./Drivers/STM32F1xx_HAL_Driver/Src/stm32f1xx_hal_rcc.o
 .debug_line    0x000095e6      0x884 ./Drivers/STM32F1xx_HAL_Driver/Src/stm32f1xx_hal_rcc_ex.o
 .debug_line    0x00009e6a     0x1bb1 ./Drivers/STM32F1xx_HAL_Driver/Src/stm32f1xx_hal_spi.o
 .debug_line    0x0000ba1b     0x108a ./Drivers/STM32F1xx_HAL_Driver/Src/stm32f1xx_ll_usb.o

.debug_str      0x00000000    0x8791b
 .debug_str     0x00000000    0x8791b ./Core/Src/fonts.o
                               0x3dde (size before relaxing)
 .debug_str     0x0008791b    0x8373a ./Core/Src/main.o
 .debug_str     0x0008791b    0x7ee12 ./Core/Src/sprites.o
 .debug_str     0x0008791b    0x82b16 ./Core/Src/st7735.o
 .debug_str     0x0008791b    0x7f57a ./Core/Src/stm32f1xx_hal_msp.o
 .debug_str     0x0008791b    0x7efc1 ./Core/Src/stm32f1xx_it.o
 .debug_str     0x0008791b     0x9991 ./Core/Src/syscalls.o
 .debug_str     0x0008791b     0x772f ./Core/Src/sysmem.o
 .debug_str     0x0008791b    0x7ec40 ./Core/Src/system_stm32f1xx.o
 .debug_str     0x0008791b       0x89 ./Core/Startup/startup_stm32f103c8tx.o
 .debug_str     0x0008791b    0x7f373 ./Drivers/STM32F1xx_HAL_Driver/Src/stm32f1xx_hal.o
 .debug_str     0x0008791b    0x7f2bf ./Drivers/STM32F1xx_HAL_Driver/Src/stm32f1xx_hal_cortex.o
 .debug_str     0x0008791b    0x7efe9 ./Drivers/STM32F1xx_HAL_Driver/Src/stm32f1xx_hal_dma.o
 .debug_str     0x0008791b    0x7efc6 ./Drivers/STM32F1xx_HAL_Driver/Src/stm32f1xx_hal_gpio.o
 .debug_str     0x0008791b    0x7f55d ./Drivers/STM32F1xx_HAL_Driver/Src/stm32f1xx_hal_pcd.o
 .debug_str     0x0008791b    0x7f06f ./Drivers/STM32F1xx_HAL_Driver/Src/stm32f1xx_hal_rcc.o
 .debug_str     0x0008791b    0x7edbf ./Drivers/STM32F1xx_HAL_Driver/Src/stm32f1xx_hal_rcc_ex.o
 .debug_str     0x0008791b    0x7f566 ./Drivers/STM32F1xx_HAL_Driver/Src/stm32f1xx_hal_spi.o
 .debug_str     0x0008791b    0x7f111 ./Drivers/STM32F1xx_HAL_Driver/Src/stm32f1xx_ll_usb.o

.comment        0x00000000       0x43
 .comment       0x00000000       0x43 ./Core/Src/fonts.o
                                 0x44 (size before relaxing)
 .comment       0x00000043       0x44 ./Core/Src/main.o
 .comment       0x00000043       0x44 ./Core/Src/sprites.o
 .comment       0x00000043       0x44 ./Core/Src/st7735.o
 .comment       0x00000043       0x44 ./Core/Src/stm32f1xx_hal_msp.o
 .comment       0x00000043       0x44 ./Core/Src/stm32f1xx_it.o
 .comment       0x00000043       0x44 ./Core/Src/syscalls.o
 .comment       0x00000043       0x44 ./Core/Src/sysmem.o
 .comment       0x00000043       0x44 ./Core/Src/system_stm32f1xx.o
 .comment       0x00000043       0x44 ./Drivers/STM32F1xx_HAL_Driver/Src/stm32f1xx_hal.o
 .comment       0x00000043       0x44 ./Drivers/STM32F1xx_HAL_Driver/Src/stm32f1xx_hal_cortex.o
 .comment       0x00000043       0x44 ./Drivers/STM32F1xx_HAL_Driver/Src/stm32f1xx_hal_dma.o
 .comment       0x00000043       0x44 ./Drivers/STM32F1xx_HAL_Driver/Src/stm32f1xx_hal_gpio.o
 .comment       0x00000043       0x44 ./Drivers/STM32F1xx_HAL_Driver/Src/stm32f1xx_hal_pcd.o
 .comment       0x00000043       0x44 ./Drivers/STM32F1xx_HAL_Driver/Src/stm32f1xx_hal_rcc.o
 .comment       0x00000043       0x44 ./Drivers/STM32F1xx_HAL_Driver/Src/stm32f1xx_hal_rcc_ex.o
 .comment       0x00000043       0x44 ./Drivers/STM32F1xx_HAL_Driver/Src/stm32f1xx_hal_spi.o
 .comment       0x00000043       0x44 ./Drivers/STM32F1xx_HAL_Driver/Src/stm32f1xx_ll_usb.o

.debug_rnglists
                0x00000000      0x838
 .debug_rnglists
                0x00000000       0xd1 ./Core/Src/main.o
 .debug_rnglists
                0x000000d1       0x86 ./Core/Src/st7735.o
 .debug_rnglists
                0x00000157       0x2c ./Core/Src/stm32f1xx_hal_msp.o
 .debug_rnglists
                0x00000183       0x49 ./Core/Src/stm32f1xx_it.o
 .debug_rnglists
                0x000001cc       0x79 ./Core/Src/syscalls.o
 .debug_rnglists
                0x00000245       0x13 ./Core/Src/sysmem.o
 .debug_rnglists
                0x00000258       0x1a ./Core/Src/system_stm32f1xx.o
 .debug_rnglists
                0x00000272       0x19 ./Core/Startup/startup_stm32f103c8tx.o
 .debug_rnglists
                0x0000028b       0xa3 ./Drivers/STM32F1xx_HAL_Driver/Src/stm32f1xx_hal.o
 .debug_rnglists
                0x0000032e       0xbb ./Drivers/STM32F1xx_HAL_Driver/Src/stm32f1xx_hal_cortex.o
 .debug_rnglists
                0x000003e9       0x64 ./Drivers/STM32F1xx_HAL_Driver/Src/stm32f1xx_hal_dma.o
 .debug_rnglists
                0x0000044d       0x3f ./Drivers/STM32F1xx_HAL_Driver/Src/stm32f1xx_hal_gpio.o
 .debug_rnglists
                0x0000048c       0xf4 ./Drivers/STM32F1xx_HAL_Driver/Src/stm32f1xx_hal_pcd.o
 .debug_rnglists
                0x00000580       0x6c ./Drivers/STM32F1xx_HAL_Driver/Src/stm32f1xx_hal_rcc.o
 .debug_rnglists
                0x000005ec       0x21 ./Drivers/STM32F1xx_HAL_Driver/Src/stm32f1xx_hal_rcc_ex.o
 .debug_rnglists
                0x0000060d      0x16e ./Drivers/STM32F1xx_HAL_Driver/Src/stm32f1xx_hal_spi.o
 .debug_rnglists
                0x0000077b       0xbd ./Drivers/STM32F1xx_HAL_Driver/Src/stm32f1xx_ll_usb.o

.debug_frame    0x00000000     0x3590
 .debug_frame   0x00000000      0x458 ./Core/Src/main.o
 .debug_frame   0x00000458      0x2c8 ./Core/Src/st7735.o
 .debug_frame   0x00000720       0xd0 ./Core/Src/stm32f1xx_hal_msp.o
 .debug_frame   0x000007f0      0x120 ./Core/Src/stm32f1xx_it.o
 .debug_frame   0x00000910      0x2ac ./Core/Src/syscalls.o
 .debug_frame   0x00000bbc       0x34 ./Core/Src/sysmem.o
 .debug_frame   0x00000bf0       0x58 ./Core/Src/system_stm32f1xx.o
 .debug_frame   0x00000c48      0x334 ./Drivers/STM32F1xx_HAL_Driver/Src/stm32f1xx_hal.o
 .debug_frame   0x00000f7c      0x428 ./Drivers/STM32F1xx_HAL_Driver/Src/stm32f1xx_hal_cortex.o
 .debug_frame   0x000013a4      0x208 ./Drivers/STM32F1xx_HAL_Driver/Src/stm32f1xx_hal_dma.o
 .debug_frame   0x000015ac      0x14c ./Drivers/STM32F1xx_HAL_Driver/Src/stm32f1xx_hal_gpio.o
 .debug_frame   0x000016f8      0x594 ./Drivers/STM32F1xx_HAL_Driver/Src/stm32f1xx_hal_pcd.o
 .debug_frame   0x00001c8c      0x218 ./Drivers/STM32F1xx_HAL_Driver/Src/stm32f1xx_hal_rcc.o
 .debug_frame   0x00001ea4       0x80 ./Drivers/STM32F1xx_HAL_Driver/Src/stm32f1xx_hal_rcc_ex.o
 .debug_frame   0x00001f24      0x824 ./Drivers/STM32F1xx_HAL_Driver/Src/stm32f1xx_hal_spi.o
 .debug_frame   0x00002748      0x470 ./Drivers/STM32F1xx_HAL_Driver/Src/stm32f1xx_ll_usb.o
 .debug_frame   0x00002bb8       0x30 /home/chartle1453/programs/stm32/plugins/com.st.stm32cube.ide.mcu.externaltools.gnu-tools-for-stm32.13.3.rel1.linux64_1.0.0.202410170706/tools/bin/../lib/gcc/arm-none-eabi/13.3.1/../../../../arm-none-eabi/lib/thumb/v7-m/nofp/libc_nano.a(libc_a-malloc.o)
 .debug_frame   0x00002be8       0x50 /home/chartle1453/programs/stm32/plugins/com.st.stm32cube.ide.mcu.externaltools.gnu-tools-for-stm32.13.3.rel1.linux64_1.0.0.202410170706/tools/bin/../lib/gcc/arm-none-eabi/13.3.1/../../../../arm-none-eabi/lib/thumb/v7-m/nofp/libc_nano.a(libc_a-mallocr.o)
 .debug_frame   0x00002c38       0x30 /home/chartle1453/programs/stm32/plugins/com.st.stm32cube.ide.mcu.externaltools.gnu-tools-for-stm32.13.3.rel1.linux64_1.0.0.202410170706/tools/bin/../lib/gcc/arm-none-eabi/13.3.1/../../../../arm-none-eabi/lib/thumb/v7-m/nofp/libc_nano.a(libc_a-mlock.o)
 .debug_frame   0x00002c68       0x44 /home/chartle1453/programs/stm32/plugins/com.st.stm32cube.ide.mcu.externaltools.gnu-tools-for-stm32.13.3.rel1.linux64_1.0.0.202410170706/tools/bin/../lib/gcc/arm-none-eabi/13.3.1/../../../../arm-none-eabi/lib/thumb/v7-m/nofp/libc_nano.a(libc_a-rand.o)
 .debug_frame   0x00002cac      0x144 /home/chartle1453/programs/stm32/plugins/com.st.stm32cube.ide.mcu.externaltools.gnu-tools-for-stm32.13.3.rel1.linux64_1.0.0.202410170706/tools/bin/../lib/gcc/arm-none-eabi/13.3.1/../../../../arm-none-eabi/lib/thumb/v7-m/nofp/libc_nano.a(libc_a-findfp.o)
 .debug_frame   0x00002df0       0x34 /home/chartle1453/programs/stm32/plugins/com.st.stm32cube.ide.mcu.externaltools.gnu-tools-for-stm32.13.3.rel1.linux64_1.0.0.202410170706/tools/bin/../lib/gcc/arm-none-eabi/13.3.1/../../../../arm-none-eabi/lib/thumb/v7-m/nofp/libc_nano.a(libc_a-fwalk.o)
 .debug_frame   0x00002e24       0x88 /home/chartle1453/programs/stm32/plugins/com.st.stm32cube.ide.mcu.externaltools.gnu-tools-for-stm32.13.3.rel1.linux64_1.0.0.202410170706/tools/bin/../lib/gcc/arm-none-eabi/13.3.1/../../../../arm-none-eabi/lib/thumb/v7-m/nofp/libc_nano.a(libc_a-stdio.o)
 .debug_frame   0x00002eac       0x20 /home/chartle1453/programs/stm32/plugins/com.st.stm32cube.ide.mcu.externaltools.gnu-tools-for-stm32.13.3.rel1.linux64_1.0.0.202410170706/tools/bin/../lib/gcc/arm-none-eabi/13.3.1/../../../../arm-none-eabi/lib/thumb/v7-m/nofp/libc_nano.a(libc_a-memset.o)
 .debug_frame   0x00002ecc       0x2c /home/chartle1453/programs/stm32/plugins/com.st.stm32cube.ide.mcu.externaltools.gnu-tools-for-stm32.13.3.rel1.linux64_1.0.0.202410170706/tools/bin/../lib/gcc/arm-none-eabi/13.3.1/../../../../arm-none-eabi/lib/thumb/v7-m/nofp/libc_nano.a(libc_a-closer.o)
 .debug_frame   0x00002ef8       0x38 /home/chartle1453/programs/stm32/plugins/com.st.stm32cube.ide.mcu.externaltools.gnu-tools-for-stm32.13.3.rel1.linux64_1.0.0.202410170706/tools/bin/../lib/gcc/arm-none-eabi/13.3.1/../../../../arm-none-eabi/lib/thumb/v7-m/nofp/libc_nano.a(libc_a-reent.o)
 .debug_frame   0x00002f30       0x2c /home/chartle1453/programs/stm32/plugins/com.st.stm32cube.ide.mcu.externaltools.gnu-tools-for-stm32.13.3.rel1.linux64_1.0.0.202410170706/tools/bin/../lib/gcc/arm-none-eabi/13.3.1/../../../../arm-none-eabi/lib/thumb/v7-m/nofp/libc_nano.a(libc_a-lseekr.o)
 .debug_frame   0x00002f5c       0x2c /home/chartle1453/programs/stm32/plugins/com.st.stm32cube.ide.mcu.externaltools.gnu-tools-for-stm32.13.3.rel1.linux64_1.0.0.202410170706/tools/bin/../lib/gcc/arm-none-eabi/13.3.1/../../../../arm-none-eabi/lib/thumb/v7-m/nofp/libc_nano.a(libc_a-readr.o)
 .debug_frame   0x00002f88       0x2c /home/chartle1453/programs/stm32/plugins/com.st.stm32cube.ide.mcu.externaltools.gnu-tools-for-stm32.13.3.rel1.linux64_1.0.0.202410170706/tools/bin/../lib/gcc/arm-none-eabi/13.3.1/../../../../arm-none-eabi/lib/thumb/v7-m/nofp/libc_nano.a(libc_a-sbrkr.o)