../Core/Src/main.c:98:6:init_Bullets	16	static
../Core/Src/main.c:106:6:init_enemyBullets	16	static
../Core/Src/main.c:191:6:killEnemy	24	static
../Core/Src/main.c:197:6:calculateCollisions	24	static
../Core/Src/main.c:226:6:update_Bullets	16	static
../Core/Src/main.c:257:6:EXTI2_IRQHandler	16	static
../Core/Src/main.c:297:6:updateEnemyStates	24	static
../Core/Src/main.c:320:6:updatePlayerSpeed	16	static
../Core/Src/main.c:339:5:checkIfOutOfBounds	16	static
../Core/Src/main.c:354:6:updatePlayerPosition	24	static
../Core/Src/main.c:377:6:createEnemyBullets	24	static
../Core/Src/main.c:394:6:generateNewSpeeds	24	static
../Core/Src/main.c:403:6:updateEnemyAnimations	16	static
../Core/Src/main.c:419:6:incrementTicksSinceLastAnimationChange	16	static
../Core/Src/main.c:426:6:enemyCollisionAvoidance	32	static
../Core/Src/main.c:458:5:enemyOutOfBounds	24	static
../Core/Src/main.c:471:6:updateEnemyPositions	24	static
../Core/Src/main.c:498:6:gameOverScreen	32	static
../Core/Src/main.c:524:9:playerCollisionLogic	16	static
../Core/Src/main.c:535:6:calculatePlayerCollisions	16	static
../Core/Src/main.c:554:5:main	32	static
../Core/Src/main.c:674:6:SystemClock_Config	88	static
../Core/Src/main.c:722:13:MX_SPI2_Init	8	static
../Core/Src/main.c:760:13:MX_USB_PCD_Init	8	static
../Core/Src/main.c:789:13:MX_DMA_Init	16	static
../Core/Src/main.c:807:13:MX_GPIO_Init	40	static
../Core/Src/main.c:883:6:Error_Handler	4	static,ignoring_inline_asm
