../Core/Src/main.c:98:6:init_Bullets	16	static
../Core/Src/main.c:106:6:init_enemyBullets	16	static
../Core/Src/main.c:192:6:killEnemy	24	static
../Core/Src/main.c:200:6:calculateCollisions	24	static
../Core/Src/main.c:229:6:update_Bullets	16	static
../Core/Src/main.c:260:6:EXTI2_IRQHandler	16	static
../Core/Src/main.c:300:6:updateEnemyStates	24	static
../Core/Src/main.c:324:6:updatePlayerSpeed	16	static
../Core/Src/main.c:343:5:checkIfOutOfBounds	16	static
../Core/Src/main.c:358:6:updatePlayerPosition	24	static
../Core/Src/main.c:381:6:createEnemyBullets	24	static
../Core/Src/main.c:398:6:generateNewSpeeds	24	static
../Core/Src/main.c:407:6:updateEnemyAnimations	16	static
../Core/Src/main.c:423:6:incrementTicksSinceLastAnimationChange	16	static
../Core/Src/main.c:430:6:enemyCollisionAvoidance	32	static
../Core/Src/main.c:462:5:enemyOutOfBounds	24	static
../Core/Src/main.c:475:6:updateEnemyPositions	24	static
../Core/Src/main.c:502:6:gameOverScreen	32	static
../Core/Src/main.c:528:9:playerCollisionLogic	16	static
../Core/Src/main.c:539:6:calculatePlayerCollisions	16	static
../Core/Src/main.c:556:6:checkForVictory	32	static
../Core/Src/main.c:584:6:killAll	16	static
../Core/Src/main.c:590:6:checkForCheats	8	static
../Core/Src/main.c:598:5:main	32	static
../Core/Src/main.c:722:6:SystemClock_Config	88	static
../Core/Src/main.c:770:13:MX_SPI2_Init	8	static
../Core/Src/main.c:808:13:MX_USB_PCD_Init	8	static
../Core/Src/main.c:837:13:MX_DMA_Init	16	static
../Core/Src/main.c:855:13:MX_GPIO_Init	40	static
../Core/Src/main.c:931:6:Error_Handler	4	static,ignoring_inline_asm
