../Core/Src/main.c:96:6:init_Bullets	16	static
../Core/Src/main.c:104:6:init_enemyBullets	16	static
../Core/Src/main.c:189:6:killEnemy	16	static
../Core/Src/main.c:192:6:calculateCollisions	24	static
../Core/Src/main.c:219:6:update_Bullets	16	static
../Core/Src/main.c:250:6:EXTI2_IRQHandler	16	static
../Core/Src/main.c:290:6:updateEnemyStates	24	static
../Core/Src/main.c:310:6:updatePlayerSpeed	16	static
../Core/Src/main.c:328:6:updatePlayerPosition	16	static
../Core/Src/main.c:345:6:createEnemyBullets	24	static
../Core/Src/main.c:362:6:updateEnemyAnimations	24	static
../Core/Src/main.c:383:5:main	24	static
../Core/Src/main.c:458:6:SystemClock_Config	88	static
../Core/Src/main.c:506:13:MX_SPI2_Init	8	static
../Core/Src/main.c:544:13:MX_USB_PCD_Init	8	static
../Core/Src/main.c:573:13:MX_DMA_Init	16	static
../Core/Src/main.c:591:13:MX_GPIO_Init	40	static
../Core/Src/main.c:667:6:Error_Handler	4	static,ignoring_inline_asm
